Archive member included because of file (symbol)

/home/lars/pebble-dev/PebbleSDK-3.0-dp1/Pebble/basalt/lib/libpebble.a(tmppDYYCYpebble.o)
                              src/pebble-fireflies.c.16.o (accel_tap_service_subscribe)
/home/lars/pebble-dev/PebbleSDK-3.0-dp1/arm-cs-tools/bin/../lib/gcc/arm-none-eabi/4.7.2/thumb2/libgcc.a(_arm_addsubdf3.o)
                              src/pebble-fireflies.c.16.o (__aeabi_i2d)
/home/lars/pebble-dev/PebbleSDK-3.0-dp1/arm-cs-tools/bin/../lib/gcc/arm-none-eabi/4.7.2/thumb2/libgcc.a(_arm_cmpdf2.o)
                              src/pebble-fireflies.c.16.o (__aeabi_dcmpgt)
/home/lars/pebble-dev/PebbleSDK-3.0-dp1/arm-cs-tools/bin/../lib/gcc/arm-none-eabi/4.7.2/thumb2/libgcc.a(_arm_addsubsf3.o)
                              src/pebble-fireflies.c.16.o (__aeabi_fsub)
/home/lars/pebble-dev/PebbleSDK-3.0-dp1/arm-cs-tools/bin/../lib/gcc/arm-none-eabi/4.7.2/thumb2/libgcc.a(_arm_muldivsf3.o)
                              src/pebble-fireflies.c.16.o (__aeabi_fmul)
/home/lars/pebble-dev/PebbleSDK-3.0-dp1/arm-cs-tools/bin/../lib/gcc/arm-none-eabi/4.7.2/thumb2/libgcc.a(_arm_cmpsf2.o)
                              src/pebble-fireflies.c.16.o (__aeabi_fcmplt)
/home/lars/pebble-dev/PebbleSDK-3.0-dp1/arm-cs-tools/bin/../lib/gcc/arm-none-eabi/4.7.2/thumb2/libgcc.a(_arm_fixsfsi.o)
                              src/pebble-fireflies.c.16.o (__aeabi_f2iz)
/home/lars/pebble-dev/PebbleSDK-3.0-dp1/arm-cs-tools/bin/../lib/gcc/arm-none-eabi/4.7.2/thumb2/libgcc.a(_arm_fixunssfsi.o)
                              src/pebble-fireflies.c.16.o (__aeabi_f2uiz)

Allocating common symbols
Common symbol       size              file

s_8_bitmap          0x4               src/pebble-fireflies.c.16.o
s_4_bitmap          0x4               src/pebble-fireflies.c.16.o
s_5_bitmap          0x4               src/pebble-fireflies.c.16.o
s_1_bitmap          0x4               src/pebble-fireflies.c.16.o
s_9_bitmap          0x4               src/pebble-fireflies.c.16.o
s_6_bitmap          0x4               src/pebble-fireflies.c.16.o
s_7_bitmap          0x4               src/pebble-fireflies.c.16.o
text_header_layer   0x4               src/pebble-fireflies.c.16.o
rndstate            0x1c              src/pebble-fireflies.c.16.o
s_0_bitmap          0x4               src/pebble-fireflies.c.16.o
s_3_bitmap          0x4               src/pebble-fireflies.c.16.o
s_2_bitmap          0x4               src/pebble-fireflies.c.16.o
particles           0x1810            src/pebble-fireflies.c.16.o
window              0x4               src/pebble-fireflies.c.16.o
particle_layer      0x4               src/pebble-fireflies.c.16.o

Discarded input sections

 .text          0x0000000000000000        0x0 /home/lars/pebble-dev/PebbleSDK-3.0-dp1/arm-cs-tools/bin/../lib/gcc/arm-none-eabi/4.7.2/thumb2/crti.o
 .bss           0x0000000000000000        0x0 /home/lars/pebble-dev/PebbleSDK-3.0-dp1/arm-cs-tools/bin/../lib/gcc/arm-none-eabi/4.7.2/thumb2/crti.o
 .init          0x0000000000000000        0x4 /home/lars/pebble-dev/PebbleSDK-3.0-dp1/arm-cs-tools/bin/../lib/gcc/arm-none-eabi/4.7.2/thumb2/crti.o
 .fini          0x0000000000000000        0x4 /home/lars/pebble-dev/PebbleSDK-3.0-dp1/arm-cs-tools/bin/../lib/gcc/arm-none-eabi/4.7.2/thumb2/crti.o
 .text          0x0000000000000000       0xc8 /home/lars/pebble-dev/PebbleSDK-3.0-dp1/arm-cs-tools/bin/../lib/gcc/arm-none-eabi/4.7.2/thumb2/crtbegin.o
 .bss           0x0000000000000000       0x1c /home/lars/pebble-dev/PebbleSDK-3.0-dp1/arm-cs-tools/bin/../lib/gcc/arm-none-eabi/4.7.2/thumb2/crtbegin.o
 .init_array    0x0000000000000000        0x4 /home/lars/pebble-dev/PebbleSDK-3.0-dp1/arm-cs-tools/bin/../lib/gcc/arm-none-eabi/4.7.2/thumb2/crtbegin.o
 .fini_array    0x0000000000000000        0x4 /home/lars/pebble-dev/PebbleSDK-3.0-dp1/arm-cs-tools/bin/../lib/gcc/arm-none-eabi/4.7.2/thumb2/crtbegin.o
 .eh_frame      0x0000000000000000        0x0 /home/lars/pebble-dev/PebbleSDK-3.0-dp1/arm-cs-tools/bin/../lib/gcc/arm-none-eabi/4.7.2/thumb2/crtbegin.o
 .jcr           0x0000000000000000        0x0 /home/lars/pebble-dev/PebbleSDK-3.0-dp1/arm-cs-tools/bin/../lib/gcc/arm-none-eabi/4.7.2/thumb2/crtbegin.o
 .tm_clone_table
                0x0000000000000000        0x0 /home/lars/pebble-dev/PebbleSDK-3.0-dp1/arm-cs-tools/bin/../lib/gcc/arm-none-eabi/4.7.2/thumb2/crtbegin.o
 .text          0x0000000000000000        0x0 src/pebble-fireflies.c.16.o
 .bss           0x0000000000000000        0x0 src/pebble-fireflies.c.16.o
 .text.random_point_in_screen
                0x0000000000000000       0x50 src/pebble-fireflies.c.16.o
 .text.layer_update_callback
                0x0000000000000000        0x2 src/pebble-fireflies.c.16.o
 .text          0x0000000000000000        0x0 src/tinymt32.c.16.o
 .bss           0x0000000000000000        0x0 src/tinymt32.c.16.o
 .text.tinymt32_init_by_array
                0x0000000000000000      0x200 src/tinymt32.c.16.o
[...]
Memory Configuration

Name             Origin             Length             Attributes
APP              0x0000000000000000 0x0000000000010000 xrw
*default*        0x0000000000000000 0xffffffffffffffff

Linker script and memory map

LOAD /home/lars/pebble-dev/PebbleSDK-3.0-dp1/arm-cs-tools/bin/../lib/gcc/arm-none-eabi/4.7.2/thumb2/crti.o
LOAD /home/lars/pebble-dev/PebbleSDK-3.0-dp1/arm-cs-tools/bin/../lib/gcc/arm-none-eabi/4.7.2/thumb2/crtbegin.o
LOAD src/pebble-fireflies.c.16.o
LOAD src/tinymt32.c.16.o
LOAD basalt/appinfo.auto.c.16.o
LOAD /home/lars/pebble-dev/PebbleSDK-3.0-dp1/Pebble/basalt/lib/libpebble.a
START GROUP
LOAD /home/lars/pebble-dev/PebbleSDK-3.0-dp1/arm-cs-tools/bin/../lib/gcc/arm-none-eabi/4.7.2/thumb2/libgcc.a
LOAD /home/lars/pebble-dev/PebbleSDK-3.0-dp1/arm-cs-tools/bin/../lib/gcc/arm-none-eabi/4.7.2/../../../../arm-none-eabi/lib/thumb2/libc.a
END GROUP
LOAD /home/lars/pebble-dev/PebbleSDK-3.0-dp1/arm-cs-tools/bin/../lib/gcc/arm-none-eabi/4.7.2/thumb2/crtend.o
LOAD /home/lars/pebble-dev/PebbleSDK-3.0-dp1/arm-cs-tools/bin/../lib/gcc/arm-none-eabi/4.7.2/thumb2/crtn.o

.header         0x0000000000000000       0x82
 *(.pbl_header)
 .pbl_header    0x0000000000000000       0x82 basalt/appinfo.auto.c.16.o
                0x0000000000000000                __pbl_app_info

.note.gnu.build-id
                0x0000000000000082       0x26
                0x0000000000000082                PROVIDE (BUILD_ID, .)
 *(.note.gnu.build-id)
 *fill*         0x0000000000000082        0x2 
 .note.gnu.build-id
                0x0000000000000084       0x24 linker stubs

.text           0x00000000000000a8     0x1a66
 *(.text)
 .text          0x00000000000000a8       0x14 /home/lars/pebble-dev/PebbleSDK-3.0-dp1/Pebble/basalt/lib/libpebble.a(tmppDYYCYpebble.o)
 .text          0x00000000000000bc      0x370 /home/lars/pebble-dev/PebbleSDK-3.0-dp1/arm-cs-tools/bin/../lib/gcc/arm-none-eabi/4.7.2/thumb2/libgcc.a(_arm_addsubdf3.o)
                0x00000000000000bc                __aeabi_drsub
                0x00000000000000c4                __aeabi_dsub
                0x00000000000000c4                __subdf3
                0x00000000000000c8                __adddf3
                0x00000000000000c8                __aeabi_dadd
                0x0000000000000340                __aeabi_ui2d
                0x0000000000000340                __floatunsidf
                0x0000000000000360                __floatsidf
                0x0000000000000360                __aeabi_i2d
                0x0000000000000384                __extendsfdf2
                0x0000000000000384                __aeabi_f2d
                0x00000000000003c0                __aeabi_ul2d
                0x00000000000003c0                __floatundidf
                0x00000000000003d0                __floatdidf
                0x00000000000003d0                __aeabi_l2d
 .text          0x000000000000042c      0x110 /home/lars/pebble-dev/PebbleSDK-3.0-dp1/arm-cs-tools/bin/../lib/gcc/arm-none-eabi/4.7.2/thumb2/libgcc.a(_arm_cmpdf2.o)
                0x000000000000042c                __gtdf2
                0x000000000000042c                __gedf2
                0x0000000000000434                __ltdf2
                0x0000000000000434                __ledf2
                0x000000000000043c                __cmpdf2
                0x000000000000043c                __eqdf2
                0x000000000000043c                __nedf2
                0x00000000000004b8                __aeabi_cdrcmple
                0x00000000000004c8                __aeabi_cdcmple
                0x00000000000004c8                __aeabi_cdcmpeq
                0x00000000000004d8                __aeabi_dcmpeq
                0x00000000000004ec                __aeabi_dcmplt
                0x0000000000000500                __aeabi_dcmple
                0x0000000000000514                __aeabi_dcmpge
                0x0000000000000528                __aeabi_dcmpgt
 .text          0x000000000000053c      0x21c /home/lars/pebble-dev/PebbleSDK-3.0-dp1/arm-cs-tools/bin/../lib/gcc/arm-none-eabi/4.7.2/thumb2/libgcc.a(_arm_addsubsf3.o)
                0x000000000000053c                __aeabi_frsub
                0x0000000000000544                __subsf3
                0x0000000000000544                __aeabi_fsub
                0x0000000000000548                __aeabi_fadd
                0x0000000000000548                __addsf3
                0x00000000000006a8                __aeabi_ui2f
                0x00000000000006a8                __floatunsisf
                0x00000000000006b0                __aeabi_i2f
                0x00000000000006b0                __floatsisf
                0x00000000000006cc                __floatundisf
                0x00000000000006cc                __aeabi_ul2f
                0x00000000000006dc                __floatdisf
                0x00000000000006dc                __aeabi_l2f
 .text          0x0000000000000758      0x2a0 /home/lars/pebble-dev/PebbleSDK-3.0-dp1/arm-cs-tools/bin/../lib/gcc/arm-none-eabi/4.7.2/thumb2/libgcc.a(_arm_muldivsf3.o)
                0x0000000000000758                __mulsf3
                0x0000000000000758                __aeabi_fmul
                0x00000000000008c0                __divsf3
                0x00000000000008c0                __aeabi_fdiv
 .text          0x00000000000009f8       0xec /home/lars/pebble-dev/PebbleSDK-3.0-dp1/arm-cs-tools/bin/../lib/gcc/arm-none-eabi/4.7.2/thumb2/libgcc.a(_arm_cmpsf2.o)
                0x00000000000009f8                __gtsf2
                0x00000000000009f8                __gesf2
                0x0000000000000a00                __lesf2
                0x0000000000000a00                __ltsf2
                0x0000000000000a08                __nesf2
                0x0000000000000a08                __eqsf2
                0x0000000000000a08                __cmpsf2
                0x0000000000000a68                __aeabi_cfrcmple
                0x0000000000000a70                __aeabi_cfcmple
                0x0000000000000a70                __aeabi_cfcmpeq
                0x0000000000000a80                __aeabi_fcmpeq
                0x0000000000000a94                __aeabi_fcmplt
                0x0000000000000aa8                __aeabi_fcmple
                0x0000000000000abc                __aeabi_fcmpge
                0x0000000000000ad0                __aeabi_fcmpgt
 .text          0x0000000000000ae4       0x4c /home/lars/pebble-dev/PebbleSDK-3.0-dp1/arm-cs-tools/bin/../lib/gcc/arm-none-eabi/4.7.2/thumb2/libgcc.a(_arm_fixsfsi.o)
                0x0000000000000ae4                __fixsfsi
                0x0000000000000ae4                __aeabi_f2iz
 .text          0x0000000000000b30       0x40 /home/lars/pebble-dev/PebbleSDK-3.0-dp1/arm-cs-tools/bin/../lib/gcc/arm-none-eabi/4.7.2/thumb2/libgcc.a(_arm_fixunssfsi.o)
                0x0000000000000b30                __aeabi_f2uiz
                0x0000000000000b30                __fixunssfsi
 *(.text.*)
 .text.handle_animation_timer
                0x0000000000000b70       0x2c src/pebble-fireflies.c.16.o
                0x0000000000000b70                handle_animation_timer
 .text.tinymt32_generate_float01.constprop.0
                0x0000000000000b9c       0x6c src/pebble-fireflies.c.16.o
 .text.random_in_range
                0x0000000000000c08       0x24 src/pebble-fireflies.c.16.o
                0x0000000000000c08                random_in_range
 .text.random_in_rangef
                0x0000000000000c2c       0x26 src/pebble-fireflies.c.16.o
                0x0000000000000c2c                random_in_rangef
 *fill*         0x0000000000000c52        0x2 
 .text.random_point_roughly_in_screen
                0x0000000000000c54       0x60 src/pebble-fireflies.c.16.o
                0x0000000000000c54                random_point_roughly_in_screen
 *fill*         0x0000000000000cb4        0x4 
 .text.update_particle
                0x0000000000000cb8      0x270 src/pebble-fireflies.c.16.o
                0x0000000000000cb8                update_particle
 .text.draw_particle
                0x0000000000000f28       0x40 src/pebble-fireflies.c.16.o
                0x0000000000000f28                draw_particle
 .text.update_particles_layer
                0x0000000000000f68       0x26 src/pebble-fireflies.c.16.o
                0x0000000000000f68                update_particles_layer
 *fill*         0x0000000000000f8e        0x2 
 .text.swarm_to_a_different_location
                0x0000000000000f90       0x58 src/pebble-fireflies.c.16.o
                0x0000000000000f90                swarm_to_a_different_location
 .text.handle_swarm_timer
                0x0000000000000fe8       0x30 src/pebble-fireflies.c.16.o
                0x0000000000000fe8                handle_swarm_timer
 .text.disperse_particles
                0x0000000000001018       0x38 src/pebble-fireflies.c.16.o
                0x0000000000001018                disperse_particles
 .text.handle_disperse_timer
                0x0000000000001050       0x10 src/pebble-fireflies.c.16.o
                0x0000000000001050                handle_disperse_timer
 .text.swarm_to_digit
                0x0000000000001060      0x180 src/pebble-fireflies.c.16.o
                0x0000000000001060                swarm_to_digit
 .text.get_display_hour
                0x00000000000011e0       0x20 src/pebble-fireflies.c.16.o
                0x00000000000011e0                get_display_hour
 .text.display_time
                0x0000000000001200      0x114 src/pebble-fireflies.c.16.o
                0x0000000000001200                display_time
 .text.kickoff_display_time
                0x0000000000001314       0x2c src/pebble-fireflies.c.16.o
                0x0000000000001314                kickoff_display_time
 .text.handle_tap
                0x0000000000001340        0x4 src/pebble-fireflies.c.16.o
                0x0000000000001340                handle_tap
 .text.handle_tick
                0x0000000000001344        0x4 src/pebble-fireflies.c.16.o
                0x0000000000001344                handle_tick
 .text.init_particles
                0x0000000000001348       0xc4 src/pebble-fireflies.c.16.o
                0x0000000000001348                init_particles
 .text.handle_init
                0x000000000000140c      0x3fc src/pebble-fireflies.c.16.o
                0x000000000000140c                handle_init
 .text.handle_deinit
                0x0000000000001808       0x38 src/pebble-fireflies.c.16.o
                0x0000000000001808                handle_deinit
 .text.startup.main
                0x0000000000001840       0x12 src/pebble-fireflies.c.16.o
                0x0000000000001840                main
 .text.tinymt32_next_state
                0x0000000000001852       0x3c src/tinymt32.c.16.o
 .text.period_certification
                0x000000000000188e       0x24 src/tinymt32.c.16.o
 *fill*         0x00000000000018b2        0x2 
 .text.tinymt32_init
                0x00000000000018b4       0x54 src/tinymt32.c.16.o
                0x00000000000018b4                tinymt32_init
 .text.accel_tap_service_subscribe
                0x0000000000001908        0xc /home/lars/pebble-dev/PebbleSDK-3.0-dp1/Pebble/basalt/lib/libpebble.a(tmppDYYCYpebble.o)
                0x0000000000001908                accel_tap_service_subscribe
 .text.app_event_loop
                0x0000000000001914        0xc /home/lars/pebble-dev/PebbleSDK-3.0-dp1/Pebble/basalt/lib/libpebble.a(tmppDYYCYpebble.o)
                0x0000000000001914                app_event_loop
 .text.app_timer_register
                0x0000000000001920        0xc /home/lars/pebble-dev/PebbleSDK-3.0-dp1/Pebble/basalt/lib/libpebble.a(tmppDYYCYpebble.o)
                0x0000000000001920                app_timer_register
 .text.clock_is_24h_style
                0x000000000000192c        0xc /home/lars/pebble-dev/PebbleSDK-3.0-dp1/Pebble/basalt/lib/libpebble.a(tmppDYYCYpebble.o)
                0x000000000000192c                clock_is_24h_style
 .text.fonts_get_system_font
                0x0000000000001938        0xc /home/lars/pebble-dev/PebbleSDK-3.0-dp1/Pebble/basalt/lib/libpebble.a(tmppDYYCYpebble.o)
                0x0000000000001938                fonts_get_system_font
 .text.gbitmap_create_with_data
                0x0000000000001944        0xc /home/lars/pebble-dev/PebbleSDK-3.0-dp1/Pebble/basalt/lib/libpebble.a(tmppDYYCYpebble.o)
                0x0000000000001944                gbitmap_create_with_data
 .text.graphics_fill_circle
                0x0000000000001950        0xc /home/lars/pebble-dev/PebbleSDK-3.0-dp1/Pebble/basalt/lib/libpebble.a(tmppDYYCYpebble.o)
                0x0000000000001950                graphics_fill_circle
 .text.layer_add_child
                0x000000000000195c        0xc /home/lars/pebble-dev/PebbleSDK-3.0-dp1/Pebble/basalt/lib/libpebble.a(tmppDYYCYpebble.o)
                0x000000000000195c                layer_add_child
 .text.layer_create
                0x0000000000001968        0xc /home/lars/pebble-dev/PebbleSDK-3.0-dp1/Pebble/basalt/lib/libpebble.a(tmppDYYCYpebble.o)
                0x0000000000001968                layer_create
 .text.layer_destroy
                0x0000000000001974        0xc /home/lars/pebble-dev/PebbleSDK-3.0-dp1/Pebble/basalt/lib/libpebble.a(tmppDYYCYpebble.o)
                0x0000000000001974                layer_destroy
 .text.layer_get_bounds
                0x0000000000001980        0xc /home/lars/pebble-dev/PebbleSDK-3.0-dp1/Pebble/basalt/lib/libpebble.a(tmppDYYCYpebble.o)
                0x0000000000001980                layer_get_bounds
 .text.layer_mark_dirty
                0x000000000000198c        0xc /home/lars/pebble-dev/PebbleSDK-3.0-dp1/Pebble/basalt/lib/libpebble.a(tmppDYYCYpebble.o)
                0x000000000000198c                layer_mark_dirty
 .text.layer_set_update_proc
                0x0000000000001998        0xc /home/lars/pebble-dev/PebbleSDK-3.0-dp1/Pebble/basalt/lib/libpebble.a(tmppDYYCYpebble.o)
                0x0000000000001998                layer_set_update_proc
 .text.localtime
                0x00000000000019a4        0xc /home/lars/pebble-dev/PebbleSDK-3.0-dp1/Pebble/basalt/lib/libpebble.a(tmppDYYCYpebble.o)
                0x00000000000019a4                localtime
 .text.text_layer_create
                0x00000000000019b0        0xc /home/lars/pebble-dev/PebbleSDK-3.0-dp1/Pebble/basalt/lib/libpebble.a(tmppDYYCYpebble.o)
                0x00000000000019b0                text_layer_create
 .text.text_layer_destroy
                0x00000000000019bc        0xc /home/lars/pebble-dev/PebbleSDK-3.0-dp1/Pebble/basalt/lib/libpebble.a(tmppDYYCYpebble.o)
                0x00000000000019bc                text_layer_destroy
 .text.text_layer_get_layer
                0x00000000000019c8        0xc /home/lars/pebble-dev/PebbleSDK-3.0-dp1/Pebble/basalt/lib/libpebble.a(tmppDYYCYpebble.o)
                0x00000000000019c8                text_layer_get_layer
 .text.text_layer_set_font
                0x00000000000019d4        0xc /home/lars/pebble-dev/PebbleSDK-3.0-dp1/Pebble/basalt/lib/libpebble.a(tmppDYYCYpebble.o)
                0x00000000000019d4                text_layer_set_font
 .text.tick_timer_service_subscribe
                0x00000000000019e0        0xc /home/lars/pebble-dev/PebbleSDK-3.0-dp1/Pebble/basalt/lib/libpebble.a(tmppDYYCYpebble.o)
                0x00000000000019e0                tick_timer_service_subscribe
 .text.time     0x00000000000019ec        0xc /home/lars/pebble-dev/PebbleSDK-3.0-dp1/Pebble/basalt/lib/libpebble.a(tmppDYYCYpebble.o)
                0x00000000000019ec                time
 .text.window_create
                0x00000000000019f8        0xc /home/lars/pebble-dev/PebbleSDK-3.0-dp1/Pebble/basalt/lib/libpebble.a(tmppDYYCYpebble.o)
                0x00000000000019f8                window_create
 .text.window_destroy
                0x0000000000001a04        0xc /home/lars/pebble-dev/PebbleSDK-3.0-dp1/Pebble/basalt/lib/libpebble.a(tmppDYYCYpebble.o)
                0x0000000000001a04                window_destroy
 .text.window_get_root_layer
                0x0000000000001a10        0xc /home/lars/pebble-dev/PebbleSDK-3.0-dp1/Pebble/basalt/lib/libpebble.a(tmppDYYCYpebble.o)
                0x0000000000001a10                window_get_root_layer
 .text.window_set_fullscreen
                0x0000000000001a1c        0xc /home/lars/pebble-dev/PebbleSDK-3.0-dp1/Pebble/basalt/lib/libpebble.a(tmppDYYCYpebble.o)
                0x0000000000001a1c                window_set_fullscreen
 .text.window_stack_push
                0x0000000000001a28        0xc /home/lars/pebble-dev/PebbleSDK-3.0-dp1/Pebble/basalt/lib/libpebble.a(tmppDYYCYpebble.o)
                0x0000000000001a28                window_stack_push
 .text.graphics_context_set_fill_color
                0x0000000000001a34        0xc /home/lars/pebble-dev/PebbleSDK-3.0-dp1/Pebble/basalt/lib/libpebble.a(tmppDYYCYpebble.o)
                0x0000000000001a34                graphics_context_set_fill_color
 .text.text_layer_set_background_color
                0x0000000000001a40        0xc /home/lars/pebble-dev/PebbleSDK-3.0-dp1/Pebble/basalt/lib/libpebble.a(tmppDYYCYpebble.o)
                0x0000000000001a40                text_layer_set_background_color
 .text.text_layer_set_text_color
                0x0000000000001a4c        0xc /home/lars/pebble-dev/PebbleSDK-3.0-dp1/Pebble/basalt/lib/libpebble.a(tmppDYYCYpebble.o)
                0x0000000000001a4c                text_layer_set_text_color
 .text.window_set_background_color
                0x0000000000001a58        0xc /home/lars/pebble-dev/PebbleSDK-3.0-dp1/Pebble/basalt/lib/libpebble.a(tmppDYYCYpebble.o)
                0x0000000000001a58                window_set_background_color
 .text.gbitmap_get_bounds
                0x0000000000001a64        0xc /home/lars/pebble-dev/PebbleSDK-3.0-dp1/Pebble/basalt/lib/libpebble.a(tmppDYYCYpebble.o)
                0x0000000000001a64                gbitmap_get_bounds
 .text.gbitmap_get_bytes_per_row
                0x0000000000001a70        0xc /home/lars/pebble-dev/PebbleSDK-3.0-dp1/Pebble/basalt/lib/libpebble.a(tmppDYYCYpebble.o)
                0x0000000000001a70                gbitmap_get_bytes_per_row
 .text.gbitmap_get_data
                0x0000000000001a7c        0xc /home/lars/pebble-dev/PebbleSDK-3.0-dp1/Pebble/basalt/lib/libpebble.a(tmppDYYCYpebble.o)
                0x0000000000001a7c                gbitmap_get_data
 .text.gbitmap_set_bounds
                0x0000000000001a88        0xc /home/lars/pebble-dev/PebbleSDK-3.0-dp1/Pebble/basalt/lib/libpebble.a(tmppDYYCYpebble.o)
                0x0000000000001a88                gbitmap_set_bounds
 .text.gbitmap_set_data
                0x0000000000001a94        0xc /home/lars/pebble-dev/PebbleSDK-3.0-dp1/Pebble/basalt/lib/libpebble.a(tmppDYYCYpebble.o)
                0x0000000000001a94                gbitmap_set_data
 *(.rodata)
 .rodata        0x0000000000001aa0       0x58 src/pebble-fireflies.c.16.o
 *(.rodata*)
 .rodata.str1.1
                0x0000000000001af8       0x16 src/pebble-fireflies.c.16.o

.glue_7         0x0000000000001b10        0x0
 .glue_7        0x0000000000000000        0x0 linker stubs

.glue_7t        0x0000000000001b10        0x0
 .glue_7t       0x0000000000000000        0x0 linker stubs

.vfp11_veneer   0x0000000000001b10        0x0
 .vfp11_veneer  0x0000000000000000        0x0 linker stubs

.v4_bx          0x0000000000001b10        0x0
 .v4_bx         0x0000000000000000        0x0 linker stubs

.iplt           0x0000000000001b10        0x0
 .iplt          0x0000000000000000        0x0 /home/lars/pebble-dev/PebbleSDK-3.0-dp1/arm-cs-tools/bin/../lib/gcc/arm-none-eabi/4.7.2/thumb2/crtbegin.o

.rel.dyn        0x0000000000001b10        0x0
 .rel.iplt      0x0000000000000000        0x0 /home/lars/pebble-dev/PebbleSDK-3.0-dp1/arm-cs-tools/bin/../lib/gcc/arm-none-eabi/4.7.2/thumb2/crtbegin.o
 .rel.got       0x0000000000000000        0x0 /home/lars/pebble-dev/PebbleSDK-3.0-dp1/arm-cs-tools/bin/../lib/gcc/arm-none-eabi/4.7.2/thumb2/crtbegin.o

.data           0x0000000000001b10      0x5d4
 *(.data)
 .data          0x0000000000001b10        0x0 /home/lars/pebble-dev/PebbleSDK-3.0-dp1/arm-cs-tools/bin/../lib/gcc/arm-none-eabi/4.7.2/thumb2/crti.o
 .data          0x0000000000001b10        0x4 /home/lars/pebble-dev/PebbleSDK-3.0-dp1/arm-cs-tools/bin/../lib/gcc/arm-none-eabi/4.7.2/thumb2/crtbegin.o
                0x0000000000001b10                __dso_handle
 .data          0x0000000000001b14        0x0 src/pebble-fireflies.c.16.o
 .data          0x0000000000001b14        0x0 src/tinymt32.c.16.o
 .data          0x0000000000001b14        0x0 basalt/appinfo.auto.c.16.o
 .data          0x0000000000001b14        0x0 /home/lars/pebble-dev/PebbleSDK-3.0-dp1/Pebble/basalt/lib/libpebble.a(tmppDYYCYpebble.o)
 .data          0x0000000000001b14        0x0 /home/lars/pebble-dev/PebbleSDK-3.0-dp1/arm-cs-tools/bin/../lib/gcc/arm-none-eabi/4.7.2/thumb2/libgcc.a(_arm_addsubdf3.o)
 .data          0x0000000000001b14        0x0 /home/lars/pebble-dev/PebbleSDK-3.0-dp1/arm-cs-tools/bin/../lib/gcc/arm-none-eabi/4.7.2/thumb2/libgcc.a(_arm_cmpdf2.o)
 .data          0x0000000000001b14        0x0 /home/lars/pebble-dev/PebbleSDK-3.0-dp1/arm-cs-tools/bin/../lib/gcc/arm-none-eabi/4.7.2/thumb2/libgcc.a(_arm_addsubsf3.o)
 .data          0x0000000000001b14        0x0 /home/lars/pebble-dev/PebbleSDK-3.0-dp1/arm-cs-tools/bin/../lib/gcc/arm-none-eabi/4.7.2/thumb2/libgcc.a(_arm_muldivsf3.o)
 .data          0x0000000000001b14        0x0 /home/lars/pebble-dev/PebbleSDK-3.0-dp1/arm-cs-tools/bin/../lib/gcc/arm-none-eabi/4.7.2/thumb2/libgcc.a(_arm_cmpsf2.o)
 .data          0x0000000000001b14        0x0 /home/lars/pebble-dev/PebbleSDK-3.0-dp1/arm-cs-tools/bin/../lib/gcc/arm-none-eabi/4.7.2/thumb2/libgcc.a(_arm_fixsfsi.o)
 .data          0x0000000000001b14        0x0 /home/lars/pebble-dev/PebbleSDK-3.0-dp1/arm-cs-tools/bin/../lib/gcc/arm-none-eabi/4.7.2/thumb2/libgcc.a(_arm_fixunssfsi.o)
 .data          0x0000000000001b14        0x0 /home/lars/pebble-dev/PebbleSDK-3.0-dp1/arm-cs-tools/bin/../lib/gcc/arm-none-eabi/4.7.2/thumb2/crtend.o
 .data          0x0000000000001b14        0x0 /home/lars/pebble-dev/PebbleSDK-3.0-dp1/arm-cs-tools/bin/../lib/gcc/arm-none-eabi/4.7.2/thumb2/crtn.o
 *(.data.*)
 .data.s_5_pixels
                0x0000000000001b14       0x94 src/pebble-fireflies.c.16.o
 .data.s_4_pixels
                0x0000000000001ba8       0x90 src/pebble-fireflies.c.16.o
 .data.s_6_pixels
                0x0000000000001c38       0x98 src/pebble-fireflies.c.16.o
 .data.s_7_pixels
                0x0000000000001cd0       0x90 src/pebble-fireflies.c.16.o
 .data.s_8_pixels
                0x0000000000001d60       0x98 src/pebble-fireflies.c.16.o
 .data.s_9_pixels
                0x0000000000001df8       0x98 src/pebble-fireflies.c.16.o
 .data.s_3_pixels
                0x0000000000001e90       0x98 src/pebble-fireflies.c.16.o
 .data.s_0_pixels
                0x0000000000001f28       0x98 src/pebble-fireflies.c.16.o
 .data.s_1_pixels
                0x0000000000001fc0       0x90 src/pebble-fireflies.c.16.o
 .data.s_2_pixels
                0x0000000000002050       0x94 src/pebble-fireflies.c.16.o

.igot.plt       0x00000000000020e4        0x0
 .igot.plt      0x0000000000000000        0x0 /home/lars/pebble-dev/PebbleSDK-3.0-dp1/arm-cs-tools/bin/../lib/gcc/arm-none-eabi/4.7.2/thumb2/crtbegin.o

.got            0x00000000000020e4       0x3c
 .got           0x00000000000020e4       0x3c /home/lars/pebble-dev/PebbleSDK-3.0-dp1/arm-cs-tools/bin/../lib/gcc/arm-none-eabi/4.7.2/thumb2/crtbegin.o

.got.plt        0x0000000000002120        0xc
 .got.plt       0x0000000000002120        0xc /home/lars/pebble-dev/PebbleSDK-3.0-dp1/arm-cs-tools/bin/../lib/gcc/arm-none-eabi/4.7.2/thumb2/crtbegin.o
                0x0000000000002120                _GLOBAL_OFFSET_TABLE_

.bss            0x000000000000212c     0x1864
 *(.bss)
 *(.bss.*)
 .bss.showing_time
                0x000000000000212c        0x4 src/pebble-fireflies.c.16.o
                0x000000000000212c                showing_time
 COMMON         0x0000000000002130     0x1860 src/pebble-fireflies.c.16.o
                0x0000000000002130                s_8_bitmap
                0x0000000000002134                s_4_bitmap
                0x0000000000002138                s_5_bitmap
                0x000000000000213c                s_1_bitmap
                0x0000000000002140                s_9_bitmap
                0x0000000000002144                s_6_bitmap
                0x0000000000002148                s_7_bitmap
                0x000000000000214c                text_header_layer
                0x0000000000002150                rndstate
                0x000000000000216c                s_0_bitmap
                0x0000000000002170                s_3_bitmap
                0x0000000000002174                s_2_bitmap
                0x0000000000002178                particles
                0x0000000000003988                window
                0x000000000000398c                particle_layer

DISCARD
 libc.a(*)
 libm.a(*)
 libgcc.a(*)
 *(.eh_frame)
OUTPUT(/home/lars/pebble-dev/PebbleSDK-3.0-dp1/pebble-fireflies/build/basalt/pebble-app.elf elf32-littlearm)

.ARM.attributes
                0x0000000000000000       0x27
 .ARM.attributes
                0x0000000000000000       0x19 /home/lars/pebble-dev/PebbleSDK-3.0-dp1/arm-cs-tools/bin/../lib/gcc/arm-none-eabi/4.7.2/thumb2/crti.o
 .ARM.attributes
                0x0000000000000019       0x29 /home/lars/pebble-dev/PebbleSDK-3.0-dp1/arm-cs-tools/bin/../lib/gcc/arm-none-eabi/4.7.2/thumb2/crtbegin.o
 .ARM.attributes
                0x0000000000000042       0x33 src/pebble-fireflies.c.16.o
 .ARM.attributes
                0x0000000000000075       0x33 src/tinymt32.c.16.o
 .ARM.attributes
                0x00000000000000a8       0x33 basalt/appinfo.auto.c.16.o
 .ARM.attributes
                0x00000000000000db       0x21 /home/lars/pebble-dev/PebbleSDK-3.0-dp1/Pebble/basalt/lib/libpebble.a(tmppDYYCYpebble.o)
 .ARM.attributes
                0x00000000000000fc       0x19 /home/lars/pebble-dev/PebbleSDK-3.0-dp1/arm-cs-tools/bin/../lib/gcc/arm-none-eabi/4.7.2/thumb2/libgcc.a(_arm_addsubdf3.o)
 .ARM.attributes
                0x0000000000000115       0x19 /home/lars/pebble-dev/PebbleSDK-3.0-dp1/arm-cs-tools/bin/../lib/gcc/arm-none-eabi/4.7.2/thumb2/libgcc.a(_arm_cmpdf2.o)
 .ARM.attributes
                0x000000000000012e       0x19 /home/lars/pebble-dev/PebbleSDK-3.0-dp1/arm-cs-tools/bin/../lib/gcc/arm-none-eabi/4.7.2/thumb2/libgcc.a(_arm_addsubsf3.o)
 .ARM.attributes
                0x0000000000000147       0x19 /home/lars/pebble-dev/PebbleSDK-3.0-dp1/arm-cs-tools/bin/../lib/gcc/arm-none-eabi/4.7.2/thumb2/libgcc.a(_arm_muldivsf3.o)
 .ARM.attributes
                0x0000000000000160       0x19 /home/lars/pebble-dev/PebbleSDK-3.0-dp1/arm-cs-tools/bin/../lib/gcc/arm-none-eabi/4.7.2/thumb2/libgcc.a(_arm_cmpsf2.o)
 .ARM.attributes
                0x0000000000000179       0x19 /home/lars/pebble-dev/PebbleSDK-3.0-dp1/arm-cs-tools/bin/../lib/gcc/arm-none-eabi/4.7.2/thumb2/libgcc.a(_arm_fixsfsi.o)
 .ARM.attributes
                0x0000000000000192       0x19 /home/lars/pebble-dev/PebbleSDK-3.0-dp1/arm-cs-tools/bin/../lib/gcc/arm-none-eabi/4.7.2/thumb2/libgcc.a(_arm_fixunssfsi.o)
 .ARM.attributes
                0x00000000000001ab       0x29 /home/lars/pebble-dev/PebbleSDK-3.0-dp1/arm-cs-tools/bin/../lib/gcc/arm-none-eabi/4.7.2/thumb2/crtend.o
 .ARM.attributes
                0x00000000000001d4       0x19 /home/lars/pebble-dev/PebbleSDK-3.0-dp1/arm-cs-tools/bin/../lib/gcc/arm-none-eabi/4.7.2/thumb2/crtn.o

.comment        0x0000000000000000       0x4e
 .comment       0x0000000000000000       0x4e /home/lars/pebble-dev/PebbleSDK-3.0-dp1/arm-cs-tools/bin/../lib/gcc/arm-none-eabi/4.7.2/thumb2/crtbegin.o
                                         0x4f (size before relaxing)
 .comment       0x0000000000000000       0x4f src/pebble-fireflies.c.16.o
 .comment       0x0000000000000000       0x4f src/tinymt32.c.16.o
 .comment       0x0000000000000000       0x4f basalt/appinfo.auto.c.16.o
 .comment       0x0000000000000000       0x4f /home/lars/pebble-dev/PebbleSDK-3.0-dp1/arm-cs-tools/bin/../lib/gcc/arm-none-eabi/4.7.2/thumb2/crtend.o

.debug_info     0x0000000000000000     0x27bd
 .debug_info    0x0000000000000000     0x1bfc src/pebble-fireflies.c.16.o
 .debug_info    0x0000000000001bfc      0x391 src/tinymt32.c.16.o
 .debug_info    0x0000000000001f8d      0x32f basalt/appinfo.auto.c.16.o
 .debug_info    0x00000000000022bc       0xb7 /home/lars/pebble-dev/PebbleSDK-3.0-dp1/arm-cs-tools/bin/../lib/gcc/arm-none-eabi/4.7.2/thumb2/libgcc.a(_arm_addsubdf3.o)
 .debug_info    0x0000000000002373       0xb7 /home/lars/pebble-dev/PebbleSDK-3.0-dp1/arm-cs-tools/bin/../lib/gcc/arm-none-eabi/4.7.2/thumb2/libgcc.a(_arm_cmpdf2.o)
 .debug_info    0x000000000000242a       0xb7 /home/lars/pebble-dev/PebbleSDK-3.0-dp1/arm-cs-tools/bin/../lib/gcc/arm-none-eabi/4.7.2/thumb2/libgcc.a(_arm_addsubsf3.o)
 .debug_info    0x00000000000024e1       0xb7 /home/lars/pebble-dev/PebbleSDK-3.0-dp1/arm-cs-tools/bin/../lib/gcc/arm-none-eabi/4.7.2/thumb2/libgcc.a(_arm_muldivsf3.o)
 .debug_info    0x0000000000002598       0xb7 /home/lars/pebble-dev/PebbleSDK-3.0-dp1/arm-cs-tools/bin/../lib/gcc/arm-none-eabi/4.7.2/thumb2/libgcc.a(_arm_cmpsf2.o)
 .debug_info    0x000000000000264f       0xb7 /home/lars/pebble-dev/PebbleSDK-3.0-dp1/arm-cs-tools/bin/../lib/gcc/arm-none-eabi/4.7.2/thumb2/libgcc.a(_arm_fixsfsi.o)
 .debug_info    0x0000000000002706       0xb7 /home/lars/pebble-dev/PebbleSDK-3.0-dp1/arm-cs-tools/bin/../lib/gcc/arm-none-eabi/4.7.2/thumb2/libgcc.a(_arm_fixunssfsi.o)

.debug_abbrev   0x0000000000000000      0x867
 .debug_abbrev  0x0000000000000000      0x553 src/pebble-fireflies.c.16.o
 .debug_abbrev  0x0000000000000553      0x1ea src/tinymt32.c.16.o
 .debug_abbrev  0x000000000000073d       0x9e basalt/appinfo.auto.c.16.o
 .debug_abbrev  0x00000000000007db       0x14 /home/lars/pebble-dev/PebbleSDK-3.0-dp1/arm-cs-tools/bin/../lib/gcc/arm-none-eabi/4.7.2/thumb2/libgcc.a(_arm_addsubdf3.o)
 .debug_abbrev  0x00000000000007ef       0x14 /home/lars/pebble-dev/PebbleSDK-3.0-dp1/arm-cs-tools/bin/../lib/gcc/arm-none-eabi/4.7.2/thumb2/libgcc.a(_arm_cmpdf2.o)
 .debug_abbrev  0x0000000000000803       0x14 /home/lars/pebble-dev/PebbleSDK-3.0-dp1/arm-cs-tools/bin/../lib/gcc/arm-none-eabi/4.7.2/thumb2/libgcc.a(_arm_addsubsf3.o)
 .debug_abbrev  0x0000000000000817       0x14 /home/lars/pebble-dev/PebbleSDK-3.0-dp1/arm-cs-tools/bin/../lib/gcc/arm-none-eabi/4.7.2/thumb2/libgcc.a(_arm_muldivsf3.o)
 .debug_abbrev  0x000000000000082b       0x14 /home/lars/pebble-dev/PebbleSDK-3.0-dp1/arm-cs-tools/bin/../lib/gcc/arm-none-eabi/4.7.2/thumb2/libgcc.a(_arm_cmpsf2.o)
 .debug_abbrev  0x000000000000083f       0x14 /home/lars/pebble-dev/PebbleSDK-3.0-dp1/arm-cs-tools/bin/../lib/gcc/arm-none-eabi/4.7.2/thumb2/libgcc.a(_arm_fixsfsi.o)
 .debug_abbrev  0x0000000000000853       0x14 /home/lars/pebble-dev/PebbleSDK-3.0-dp1/arm-cs-tools/bin/../lib/gcc/arm-none-eabi/4.7.2/thumb2/libgcc.a(_arm_fixunssfsi.o)

.debug_loc      0x0000000000000000      0xd08
 .debug_loc     0x0000000000000000      0xa39 src/pebble-fireflies.c.16.o
 .debug_loc     0x0000000000000a39      0x2cf src/tinymt32.c.16.o

.debug_aranges  0x0000000000000000      0x208
 .debug_aranges
                0x0000000000000000       0xd8 src/pebble-fireflies.c.16.o
 .debug_aranges
                0x00000000000000d8       0x38 src/tinymt32.c.16.o
 .debug_aranges
                0x0000000000000110       0x18 basalt/appinfo.auto.c.16.o
 .debug_aranges
                0x0000000000000128       0x20 /home/lars/pebble-dev/PebbleSDK-3.0-dp1/arm-cs-tools/bin/../lib/gcc/arm-none-eabi/4.7.2/thumb2/libgcc.a(_arm_addsubdf3.o)
 .debug_aranges
                0x0000000000000148       0x20 /home/lars/pebble-dev/PebbleSDK-3.0-dp1/arm-cs-tools/bin/../lib/gcc/arm-none-eabi/4.7.2/thumb2/libgcc.a(_arm_cmpdf2.o)
 .debug_aranges
                0x0000000000000168       0x20 /home/lars/pebble-dev/PebbleSDK-3.0-dp1/arm-cs-tools/bin/../lib/gcc/arm-none-eabi/4.7.2/thumb2/libgcc.a(_arm_addsubsf3.o)
 .debug_aranges
                0x0000000000000188       0x20 /home/lars/pebble-dev/PebbleSDK-3.0-dp1/arm-cs-tools/bin/../lib/gcc/arm-none-eabi/4.7.2/thumb2/libgcc.a(_arm_muldivsf3.o)
 .debug_aranges
                0x00000000000001a8       0x20 /home/lars/pebble-dev/PebbleSDK-3.0-dp1/arm-cs-tools/bin/../lib/gcc/arm-none-eabi/4.7.2/thumb2/libgcc.a(_arm_cmpsf2.o)
 .debug_aranges
                0x00000000000001c8       0x20 /home/lars/pebble-dev/PebbleSDK-3.0-dp1/arm-cs-tools/bin/../lib/gcc/arm-none-eabi/4.7.2/thumb2/libgcc.a(_arm_fixsfsi.o)
 .debug_aranges
                0x00000000000001e8       0x20 /home/lars/pebble-dev/PebbleSDK-3.0-dp1/arm-cs-tools/bin/../lib/gcc/arm-none-eabi/4.7.2/thumb2/libgcc.a(_arm_fixunssfsi.o)

.debug_ranges   0x0000000000000000      0x240
 .debug_ranges  0x0000000000000000      0x1e0 src/pebble-fireflies.c.16.o
 .debug_ranges  0x00000000000001e0       0x60 src/tinymt32.c.16.o

.debug_line     0x0000000000000000     0x118e
 .debug_line    0x0000000000000000      0x5ba src/pebble-fireflies.c.16.o
 .debug_line    0x00000000000005ba      0x310 src/tinymt32.c.16.o
 .debug_line    0x00000000000008ca      0x135 basalt/appinfo.auto.c.16.o
 .debug_line    0x00000000000009ff      0x20a /home/lars/pebble-dev/PebbleSDK-3.0-dp1/arm-cs-tools/bin/../lib/gcc/arm-none-eabi/4.7.2/thumb2/libgcc.a(_arm_addsubdf3.o)
 .debug_line    0x0000000000000c09      0x10c /home/lars/pebble-dev/PebbleSDK-3.0-dp1/arm-cs-tools/bin/../lib/gcc/arm-none-eabi/4.7.2/thumb2/libgcc.a(_arm_cmpdf2.o)
 .debug_line    0x0000000000000d15      0x128 /home/lars/pebble-dev/PebbleSDK-3.0-dp1/arm-cs-tools/bin/../lib/gcc/arm-none-eabi/4.7.2/thumb2/libgcc.a(_arm_addsubsf3.o)
 .debug_line    0x0000000000000e3d      0x149 /home/lars/pebble-dev/PebbleSDK-3.0-dp1/arm-cs-tools/bin/../lib/gcc/arm-none-eabi/4.7.2/thumb2/libgcc.a(_arm_muldivsf3.o)
 .debug_line    0x0000000000000f86      0x100 /home/lars/pebble-dev/PebbleSDK-3.0-dp1/arm-cs-tools/bin/../lib/gcc/arm-none-eabi/4.7.2/thumb2/libgcc.a(_arm_cmpsf2.o)
 .debug_line    0x0000000000001086       0x86 /home/lars/pebble-dev/PebbleSDK-3.0-dp1/arm-cs-tools/bin/../lib/gcc/arm-none-eabi/4.7.2/thumb2/libgcc.a(_arm_fixsfsi.o)
 .debug_line    0x000000000000110c       0x82 /home/lars/pebble-dev/PebbleSDK-3.0-dp1/arm-cs-tools/bin/../lib/gcc/arm-none-eabi/4.7.2/thumb2/libgcc.a(_arm_fixunssfsi.o)

.debug_str      0x0000000000000000      0xcce
 .debug_str     0x0000000000000000      0xa26 src/pebble-fireflies.c.16.o
                                        0xaf6 (size before relaxing)
 .debug_str     0x0000000000000a26       0x6c src/tinymt32.c.16.o
                                        0x1b4 (size before relaxing)
 .debug_str     0x0000000000000a92      0x23c basalt/appinfo.auto.c.16.o
                                        0x339 (size before relaxing)

.debug_frame    0x0000000000000000      0x334
 .debug_frame   0x0000000000000000      0x2b4 src/pebble-fireflies.c.16.o
 .debug_frame   0x00000000000002b4       0x80 src/tinymt32.c.16.o
