Archive member included because of file (symbol)

/home/lars/pebble-dev/PebbleSDK-3.0-dp1/Pebble/aplite/lib/libpebble.a(tmp6XFTZnpebble.o)
                              src/pebble-fireflies.c.8.o (accel_tap_service_subscribe)
/home/lars/pebble-dev/PebbleSDK-3.0-dp1/arm-cs-tools/bin/../lib/gcc/arm-none-eabi/4.7.2/thumb2/libgcc.a(_arm_addsubdf3.o)
                              src/pebble-fireflies.c.8.o (__aeabi_i2d)
/home/lars/pebble-dev/PebbleSDK-3.0-dp1/arm-cs-tools/bin/../lib/gcc/arm-none-eabi/4.7.2/thumb2/libgcc.a(_arm_cmpdf2.o)
                              src/pebble-fireflies.c.8.o (__aeabi_dcmpgt)
/home/lars/pebble-dev/PebbleSDK-3.0-dp1/arm-cs-tools/bin/../lib/gcc/arm-none-eabi/4.7.2/thumb2/libgcc.a(_arm_addsubsf3.o)
                              src/pebble-fireflies.c.8.o (__aeabi_fsub)
/home/lars/pebble-dev/PebbleSDK-3.0-dp1/arm-cs-tools/bin/../lib/gcc/arm-none-eabi/4.7.2/thumb2/libgcc.a(_arm_muldivsf3.o)
                              src/pebble-fireflies.c.8.o (__aeabi_fmul)
/home/lars/pebble-dev/PebbleSDK-3.0-dp1/arm-cs-tools/bin/../lib/gcc/arm-none-eabi/4.7.2/thumb2/libgcc.a(_arm_cmpsf2.o)
                              src/pebble-fireflies.c.8.o (__aeabi_fcmplt)
/home/lars/pebble-dev/PebbleSDK-3.0-dp1/arm-cs-tools/bin/../lib/gcc/arm-none-eabi/4.7.2/thumb2/libgcc.a(_arm_fixsfsi.o)
                              src/pebble-fireflies.c.8.o (__aeabi_f2iz)
/home/lars/pebble-dev/PebbleSDK-3.0-dp1/arm-cs-tools/bin/../lib/gcc/arm-none-eabi/4.7.2/thumb2/libgcc.a(_arm_fixunssfsi.o)
                              src/pebble-fireflies.c.8.o (__aeabi_f2uiz)

Allocating common symbols
Common symbol       size              file

text_header_layer   0x4               src/pebble-fireflies.c.8.o
rndstate            0x1c              src/pebble-fireflies.c.8.o
particles           0x1810            src/pebble-fireflies.c.8.o
window              0x4               src/pebble-fireflies.c.8.o
particle_layer      0x4               src/pebble-fireflies.c.8.o

Discarded input sections

 .text          0x0000000000000000        0x0 /home/lars/pebble-dev/PebbleSDK-3.0-dp1/arm-cs-tools/bin/../lib/gcc/arm-none-eabi/4.7.2/thumb2/crti.o
 .bss           0x0000000000000000        0x0 /home/lars/pebble-dev/PebbleSDK-3.0-dp1/arm-cs-tools/bin/../lib/gcc/arm-none-eabi/4.7.2/thumb2/crti.o
 .init          0x0000000000000000        0x4 /home/lars/pebble-dev/PebbleSDK-3.0-dp1/arm-cs-tools/bin/../lib/gcc/arm-none-eabi/4.7.2/thumb2/crti.o
 .fini          0x0000000000000000        0x4 /home/lars/pebble-dev/PebbleSDK-3.0-dp1/arm-cs-tools/bin/../lib/gcc/arm-none-eabi/4.7.2/thumb2/crti.o
 .text          0x0000000000000000       0xc8 /home/lars/pebble-dev/PebbleSDK-3.0-dp1/arm-cs-tools/bin/../lib/gcc/arm-none-eabi/4.7.2/thumb2/crtbegin.o
 .bss           0x0000000000000000       0x1c /home/lars/pebble-dev/PebbleSDK-3.0-dp1/arm-cs-tools/bin/../lib/gcc/arm-none-eabi/4.7.2/thumb2/crtbegin.o
 .init_array    0x0000000000000000        0x4 /home/lars/pebble-dev/PebbleSDK-3.0-dp1/arm-cs-tools/bin/../lib/gcc/arm-none-eabi/4.7.2/thumb2/crtbegin.o
 .fini_array    0x0000000000000000        0x4 /home/lars/pebble-dev/PebbleSDK-3.0-dp1/arm-cs-tools/bin/../lib/gcc/arm-none-eabi/4.7.2/thumb2/crtbegin.o
 .eh_frame      0x0000000000000000        0x0 /home/lars/pebble-dev/PebbleSDK-3.0-dp1/arm-cs-tools/bin/../lib/gcc/arm-none-eabi/4.7.2/thumb2/crtbegin.o
 .jcr           0x0000000000000000        0x0 /home/lars/pebble-dev/PebbleSDK-3.0-dp1/arm-cs-tools/bin/../lib/gcc/arm-none-eabi/4.7.2/thumb2/crtbegin.o
 .tm_clone_table
                0x0000000000000000        0x0 /home/lars/pebble-dev/PebbleSDK-3.0-dp1/arm-cs-tools/bin/../lib/gcc/arm-none-eabi/4.7.2/thumb2/crtbegin.o
 .text          0x0000000000000000        0x0 src/pebble-fireflies.c.8.o
 .bss           0x0000000000000000        0x0 src/pebble-fireflies.c.8.o
 .text.random_point_in_screen
                0x0000000000000000       0x50 src/pebble-fireflies.c.8.o
 .text.layer_update_callback
                0x0000000000000000        0x2 src/pebble-fireflies.c.8.o
 .text          0x0000000000000000        0x0 src/tinymt32.c.8.o
 .bss           0x0000000000000000        0x0 src/tinymt32.c.8.o
 .text.tinymt32_init_by_array
                0x0000000000000000      0x200 src/tinymt32.c.8.o
 .text          0x0000000000000000        0x0 aplite/appinfo.auto.c.8.o
 .bss           0x0000000000000000        0x0 aplite/appinfo.auto.c.8.o
 .bss           0x0000000000000000        0x0 /home/lars/pebble-dev/PebbleSDK-3.0-dp1/Pebble/aplite/lib/libpebble.a(tmp6XFTZnpebble.o)
 .text.accel_data_service_subscribe__deprecated
                0x0000000000000000        0xc /home/lars/pebble-dev/PebbleSDK-3.0-dp1/Pebble/aplite/lib/libpebble.a(tmp6XFTZnpebble.o)
 .text.accel_data_service_unsubscribe
                0x0000000000000000        0xc /home/lars/pebble-dev/PebbleSDK-3.0-dp1/Pebble/aplite/lib/libpebble.a(tmp6XFTZnpebble.o)
 .text.accel_service_peek
                0x0000000000000000        0xc /home/lars/pebble-dev/PebbleSDK-3.0-dp1/Pebble/aplite/lib/libpebble.a(tmp6XFTZnpebble.o)
 .text.accel_service_set_samples_per_update
                0x0000000000000000        0xc /home/lars/pebble-dev/PebbleSDK-3.0-dp1/Pebble/aplite/lib/libpebble.a(tmp6XFTZnpebble.o)
 .text.accel_service_set_sampling_rate
                0x0000000000000000        0xc /home/lars/pebble-dev/PebbleSDK-3.0-dp1/Pebble/aplite/lib/libpebble.a(tmp6XFTZnpebble.o)
 .text.accel_tap_service_unsubscribe
                0x0000000000000000        0xc /home/lars/pebble-dev/PebbleSDK-3.0-dp1/Pebble/aplite/lib/libpebble.a(tmp6XFTZnpebble.o)
 .text.action_bar_layer_add_to_window
                0x0000000000000000        0xc /home/lars/pebble-dev/PebbleSDK-3.0-dp1/Pebble/aplite/lib/libpebble.a(tmp6XFTZnpebble.o)
 .text.action_bar_layer_clear_icon
                0x0000000000000000        0xc /home/lars/pebble-dev/PebbleSDK-3.0-dp1/Pebble/aplite/lib/libpebble.a(tmp6XFTZnpebble.o)
 .text.action_bar_layer_create
                0x0000000000000000        0xc /home/lars/pebble-dev/PebbleSDK-3.0-dp1/Pebble/aplite/lib/libpebble.a(tmp6XFTZnpebble.o)
 .text.action_bar_layer_destroy
                0x0000000000000000        0xc /home/lars/pebble-dev/PebbleSDK-3.0-dp1/Pebble/aplite/lib/libpebble.a(tmp6XFTZnpebble.o)
 .text.action_bar_layer_get_layer
                0x0000000000000000        0xc /home/lars/pebble-dev/PebbleSDK-3.0-dp1/Pebble/aplite/lib/libpebble.a(tmp6XFTZnpebble.o)
 .text.action_bar_layer_remove_from_window
                0x0000000000000000        0xc /home/lars/pebble-dev/PebbleSDK-3.0-dp1/Pebble/aplite/lib/libpebble.a(tmp6XFTZnpebble.o)
 .text.action_bar_layer_set_background_color
                0x0000000000000000        0xc /home/lars/pebble-dev/PebbleSDK-3.0-dp1/Pebble/aplite/lib/libpebble.a(tmp6XFTZnpebble.o)
 .text.action_bar_layer_set_click_config_provider
                0x0000000000000000        0xc /home/lars/pebble-dev/PebbleSDK-3.0-dp1/Pebble/aplite/lib/libpebble.a(tmp6XFTZnpebble.o)
 .text.action_bar_layer_set_context
                0x0000000000000000        0xc /home/lars/pebble-dev/PebbleSDK-3.0-dp1/Pebble/aplite/lib/libpebble.a(tmp6XFTZnpebble.o)
 .text.action_bar_layer_set_icon
                0x0000000000000000        0xc /home/lars/pebble-dev/PebbleSDK-3.0-dp1/Pebble/aplite/lib/libpebble.a(tmp6XFTZnpebble.o)
 .text.animation_create
                0x0000000000000000        0xc /home/lars/pebble-dev/PebbleSDK-3.0-dp1/Pebble/aplite/lib/libpebble.a(tmp6XFTZnpebble.o)
 .text.animation_destroy
                0x0000000000000000        0xc /home/lars/pebble-dev/PebbleSDK-3.0-dp1/Pebble/aplite/lib/libpebble.a(tmp6XFTZnpebble.o)
 .text.animation_get_context
                0x0000000000000000        0xc /home/lars/pebble-dev/PebbleSDK-3.0-dp1/Pebble/aplite/lib/libpebble.a(tmp6XFTZnpebble.o)
 .text.animation_is_scheduled
                0x0000000000000000        0xc /home/lars/pebble-dev/PebbleSDK-3.0-dp1/Pebble/aplite/lib/libpebble.a(tmp6XFTZnpebble.o)
 .text.animation_schedule
                0x0000000000000000        0xc /home/lars/pebble-dev/PebbleSDK-3.0-dp1/Pebble/aplite/lib/libpebble.a(tmp6XFTZnpebble.o)
 .text.animation_set_curve
                0x0000000000000000        0xc /home/lars/pebble-dev/PebbleSDK-3.0-dp1/Pebble/aplite/lib/libpebble.a(tmp6XFTZnpebble.o)
 .text.animation_set_delay
                0x0000000000000000        0xc /home/lars/pebble-dev/PebbleSDK-3.0-dp1/Pebble/aplite/lib/libpebble.a(tmp6XFTZnpebble.o)
 .text.animation_set_duration
                0x0000000000000000        0xc /home/lars/pebble-dev/PebbleSDK-3.0-dp1/Pebble/aplite/lib/libpebble.a(tmp6XFTZnpebble.o)
 .text.animation_set_handlers
                0x0000000000000000        0xc /home/lars/pebble-dev/PebbleSDK-3.0-dp1/Pebble/aplite/lib/libpebble.a(tmp6XFTZnpebble.o)
 .text.animation_set_implementation
                0x0000000000000000        0xc /home/lars/pebble-dev/PebbleSDK-3.0-dp1/Pebble/aplite/lib/libpebble.a(tmp6XFTZnpebble.o)
 .text.animation_unschedule
                0x0000000000000000        0xc /home/lars/pebble-dev/PebbleSDK-3.0-dp1/Pebble/aplite/lib/libpebble.a(tmp6XFTZnpebble.o)
 .text.animation_unschedule_all
                0x0000000000000000        0xc /home/lars/pebble-dev/PebbleSDK-3.0-dp1/Pebble/aplite/lib/libpebble.a(tmp6XFTZnpebble.o)
 .text.app_comm_get_sniff_interval
                0x0000000000000000        0xc /home/lars/pebble-dev/PebbleSDK-3.0-dp1/Pebble/aplite/lib/libpebble.a(tmp6XFTZnpebble.o)
 .text.app_comm_set_sniff_interval
                0x0000000000000000        0xc /home/lars/pebble-dev/PebbleSDK-3.0-dp1/Pebble/aplite/lib/libpebble.a(tmp6XFTZnpebble.o)
 .text.app_log  0x0000000000000000        0xc /home/lars/pebble-dev/PebbleSDK-3.0-dp1/Pebble/aplite/lib/libpebble.a(tmp6XFTZnpebble.o)
 .text.app_message_deregister_callbacks
                0x0000000000000000        0xc /home/lars/pebble-dev/PebbleSDK-3.0-dp1/Pebble/aplite/lib/libpebble.a(tmp6XFTZnpebble.o)
 .text.app_message_open
                0x0000000000000000        0xc /home/lars/pebble-dev/PebbleSDK-3.0-dp1/Pebble/aplite/lib/libpebble.a(tmp6XFTZnpebble.o)
 .text.app_sync_deinit
                0x0000000000000000        0xc /home/lars/pebble-dev/PebbleSDK-3.0-dp1/Pebble/aplite/lib/libpebble.a(tmp6XFTZnpebble.o)
 .text.app_sync_get
                0x0000000000000000        0xc /home/lars/pebble-dev/PebbleSDK-3.0-dp1/Pebble/aplite/lib/libpebble.a(tmp6XFTZnpebble.o)
 .text.app_sync_init
                0x0000000000000000        0xc /home/lars/pebble-dev/PebbleSDK-3.0-dp1/Pebble/aplite/lib/libpebble.a(tmp6XFTZnpebble.o)
 .text.app_sync_set
                0x0000000000000000        0xc /home/lars/pebble-dev/PebbleSDK-3.0-dp1/Pebble/aplite/lib/libpebble.a(tmp6XFTZnpebble.o)
 .text.app_timer_cancel
                0x0000000000000000        0xc /home/lars/pebble-dev/PebbleSDK-3.0-dp1/Pebble/aplite/lib/libpebble.a(tmp6XFTZnpebble.o)
 .text.app_timer_reschedule
                0x0000000000000000        0xc /home/lars/pebble-dev/PebbleSDK-3.0-dp1/Pebble/aplite/lib/libpebble.a(tmp6XFTZnpebble.o)
 .text.atan2_lookup
                0x0000000000000000        0xc /home/lars/pebble-dev/PebbleSDK-3.0-dp1/Pebble/aplite/lib/libpebble.a(tmp6XFTZnpebble.o)
 .text.atoi     0x0000000000000000        0xc /home/lars/pebble-dev/PebbleSDK-3.0-dp1/Pebble/aplite/lib/libpebble.a(tmp6XFTZnpebble.o)
 .text.atol     0x0000000000000000        0xc /home/lars/pebble-dev/PebbleSDK-3.0-dp1/Pebble/aplite/lib/libpebble.a(tmp6XFTZnpebble.o)
 .text.battery_state_service_peek
                0x0000000000000000        0xc /home/lars/pebble-dev/PebbleSDK-3.0-dp1/Pebble/aplite/lib/libpebble.a(tmp6XFTZnpebble.o)
 .text.battery_state_service_subscribe
                0x0000000000000000        0xc /home/lars/pebble-dev/PebbleSDK-3.0-dp1/Pebble/aplite/lib/libpebble.a(tmp6XFTZnpebble.o)
 .text.battery_state_service_unsubscribe
                0x0000000000000000        0xc /home/lars/pebble-dev/PebbleSDK-3.0-dp1/Pebble/aplite/lib/libpebble.a(tmp6XFTZnpebble.o)
 .text.bitmap_layer_create
                0x0000000000000000        0xc /home/lars/pebble-dev/PebbleSDK-3.0-dp1/Pebble/aplite/lib/libpebble.a(tmp6XFTZnpebble.o)
 .text.bitmap_layer_destroy
                0x0000000000000000        0xc /home/lars/pebble-dev/PebbleSDK-3.0-dp1/Pebble/aplite/lib/libpebble.a(tmp6XFTZnpebble.o)
 .text.bitmap_layer_get_layer
                0x0000000000000000        0xc /home/lars/pebble-dev/PebbleSDK-3.0-dp1/Pebble/aplite/lib/libpebble.a(tmp6XFTZnpebble.o)
 .text.bitmap_layer_set_alignment
                0x0000000000000000        0xc /home/lars/pebble-dev/PebbleSDK-3.0-dp1/Pebble/aplite/lib/libpebble.a(tmp6XFTZnpebble.o)
 .text.bitmap_layer_set_background_color
                0x0000000000000000        0xc /home/lars/pebble-dev/PebbleSDK-3.0-dp1/Pebble/aplite/lib/libpebble.a(tmp6XFTZnpebble.o)
 .text.bitmap_layer_set_bitmap
                0x0000000000000000        0xc /home/lars/pebble-dev/PebbleSDK-3.0-dp1/Pebble/aplite/lib/libpebble.a(tmp6XFTZnpebble.o)
 .text.bitmap_layer_set_compositing_mode
                0x0000000000000000        0xc /home/lars/pebble-dev/PebbleSDK-3.0-dp1/Pebble/aplite/lib/libpebble.a(tmp6XFTZnpebble.o)
 .text.bluetooth_connection_service_peek
                0x0000000000000000        0xc /home/lars/pebble-dev/PebbleSDK-3.0-dp1/Pebble/aplite/lib/libpebble.a(tmp6XFTZnpebble.o)
 .text.bluetooth_connection_service_subscribe
                0x0000000000000000        0xc /home/lars/pebble-dev/PebbleSDK-3.0-dp1/Pebble/aplite/lib/libpebble.a(tmp6XFTZnpebble.o)
 .text.bluetooth_connection_service_unsubscribe
                0x0000000000000000        0xc /home/lars/pebble-dev/PebbleSDK-3.0-dp1/Pebble/aplite/lib/libpebble.a(tmp6XFTZnpebble.o)
 .text.click_number_of_clicks_counted
                0x0000000000000000        0xc /home/lars/pebble-dev/PebbleSDK-3.0-dp1/Pebble/aplite/lib/libpebble.a(tmp6XFTZnpebble.o)
 .text.click_recognizer_get_button_id
                0x0000000000000000        0xc /home/lars/pebble-dev/PebbleSDK-3.0-dp1/Pebble/aplite/lib/libpebble.a(tmp6XFTZnpebble.o)
 .text.clock_copy_time_string
                0x0000000000000000        0xc /home/lars/pebble-dev/PebbleSDK-3.0-dp1/Pebble/aplite/lib/libpebble.a(tmp6XFTZnpebble.o)
 .text.cos_lookup
                0x0000000000000000        0xc /home/lars/pebble-dev/PebbleSDK-3.0-dp1/Pebble/aplite/lib/libpebble.a(tmp6XFTZnpebble.o)
 .text.data_logging_create
                0x0000000000000000        0xc /home/lars/pebble-dev/PebbleSDK-3.0-dp1/Pebble/aplite/lib/libpebble.a(tmp6XFTZnpebble.o)
 .text.data_logging_finish
                0x0000000000000000        0xc /home/lars/pebble-dev/PebbleSDK-3.0-dp1/Pebble/aplite/lib/libpebble.a(tmp6XFTZnpebble.o)
 .text.data_logging_log
                0x0000000000000000        0xc /home/lars/pebble-dev/PebbleSDK-3.0-dp1/Pebble/aplite/lib/libpebble.a(tmp6XFTZnpebble.o)
 .text.dict_calc_buffer_size
                0x0000000000000000        0xc /home/lars/pebble-dev/PebbleSDK-3.0-dp1/Pebble/aplite/lib/libpebble.a(tmp6XFTZnpebble.o)
 .text.dict_calc_buffer_size_from_tuplets
                0x0000000000000000        0xc /home/lars/pebble-dev/PebbleSDK-3.0-dp1/Pebble/aplite/lib/libpebble.a(tmp6XFTZnpebble.o)
 .text.dict_find
                0x0000000000000000        0xc /home/lars/pebble-dev/PebbleSDK-3.0-dp1/Pebble/aplite/lib/libpebble.a(tmp6XFTZnpebble.o)
 .text.dict_merge
                0x0000000000000000        0xc /home/lars/pebble-dev/PebbleSDK-3.0-dp1/Pebble/aplite/lib/libpebble.a(tmp6XFTZnpebble.o)
 .text.dict_read_begin_from_buffer
                0x0000000000000000        0xc /home/lars/pebble-dev/PebbleSDK-3.0-dp1/Pebble/aplite/lib/libpebble.a(tmp6XFTZnpebble.o)
 .text.dict_read_first
                0x0000000000000000        0xc /home/lars/pebble-dev/PebbleSDK-3.0-dp1/Pebble/aplite/lib/libpebble.a(tmp6XFTZnpebble.o)
 .text.dict_read_next
                0x0000000000000000        0xc /home/lars/pebble-dev/PebbleSDK-3.0-dp1/Pebble/aplite/lib/libpebble.a(tmp6XFTZnpebble.o)
 .text.dict_serialize_tuplets
                0x0000000000000000        0xc /home/lars/pebble-dev/PebbleSDK-3.0-dp1/Pebble/aplite/lib/libpebble.a(tmp6XFTZnpebble.o)
 .text.dict_serialize_tuplets_to_buffer__deprecated
                0x0000000000000000        0xc /home/lars/pebble-dev/PebbleSDK-3.0-dp1/Pebble/aplite/lib/libpebble.a(tmp6XFTZnpebble.o)
 .text.dict_serialize_tuplets_to_buffer_with_iter
                0x0000000000000000        0xc /home/lars/pebble-dev/PebbleSDK-3.0-dp1/Pebble/aplite/lib/libpebble.a(tmp6XFTZnpebble.o)
 .text.dict_write_begin
                0x0000000000000000        0xc /home/lars/pebble-dev/PebbleSDK-3.0-dp1/Pebble/aplite/lib/libpebble.a(tmp6XFTZnpebble.o)
 .text.dict_write_cstring
                0x0000000000000000        0xc /home/lars/pebble-dev/PebbleSDK-3.0-dp1/Pebble/aplite/lib/libpebble.a(tmp6XFTZnpebble.o)
 .text.dict_write_data
                0x0000000000000000        0xc /home/lars/pebble-dev/PebbleSDK-3.0-dp1/Pebble/aplite/lib/libpebble.a(tmp6XFTZnpebble.o)
 .text.dict_write_end
                0x0000000000000000        0xc /home/lars/pebble-dev/PebbleSDK-3.0-dp1/Pebble/aplite/lib/libpebble.a(tmp6XFTZnpebble.o)
 .text.dict_write_int
                0x0000000000000000        0xc /home/lars/pebble-dev/PebbleSDK-3.0-dp1/Pebble/aplite/lib/libpebble.a(tmp6XFTZnpebble.o)
 .text.dict_write_int16
                0x0000000000000000        0xc /home/lars/pebble-dev/PebbleSDK-3.0-dp1/Pebble/aplite/lib/libpebble.a(tmp6XFTZnpebble.o)
 .text.dict_write_int32
                0x0000000000000000        0xc /home/lars/pebble-dev/PebbleSDK-3.0-dp1/Pebble/aplite/lib/libpebble.a(tmp6XFTZnpebble.o)
 .text.dict_write_int8
                0x0000000000000000        0xc /home/lars/pebble-dev/PebbleSDK-3.0-dp1/Pebble/aplite/lib/libpebble.a(tmp6XFTZnpebble.o)
 .text.dict_write_tuplet
                0x0000000000000000        0xc /home/lars/pebble-dev/PebbleSDK-3.0-dp1/Pebble/aplite/lib/libpebble.a(tmp6XFTZnpebble.o)
 .text.dict_write_uint16
                0x0000000000000000        0xc /home/lars/pebble-dev/PebbleSDK-3.0-dp1/Pebble/aplite/lib/libpebble.a(tmp6XFTZnpebble.o)
 .text.dict_write_uint32
                0x0000000000000000        0xc /home/lars/pebble-dev/PebbleSDK-3.0-dp1/Pebble/aplite/lib/libpebble.a(tmp6XFTZnpebble.o)
 .text.dict_write_uint8
                0x0000000000000000        0xc /home/lars/pebble-dev/PebbleSDK-3.0-dp1/Pebble/aplite/lib/libpebble.a(tmp6XFTZnpebble.o)
 .text.fonts_load_custom_font
                0x0000000000000000        0xc /home/lars/pebble-dev/PebbleSDK-3.0-dp1/Pebble/aplite/lib/libpebble.a(tmp6XFTZnpebble.o)
 .text.fonts_unload_custom_font
                0x0000000000000000        0xc /home/lars/pebble-dev/PebbleSDK-3.0-dp1/Pebble/aplite/lib/libpebble.a(tmp6XFTZnpebble.o)
 .text.free     0x0000000000000000        0xc /home/lars/pebble-dev/PebbleSDK-3.0-dp1/Pebble/aplite/lib/libpebble.a(tmp6XFTZnpebble.o)
 .text.gbitmap_create_as_sub_bitmap
                0x0000000000000000        0xc /home/lars/pebble-dev/PebbleSDK-3.0-dp1/Pebble/aplite/lib/libpebble.a(tmp6XFTZnpebble.o)
 .text.gbitmap_create_with_data
                0x0000000000000000        0xc /home/lars/pebble-dev/PebbleSDK-3.0-dp1/Pebble/aplite/lib/libpebble.a(tmp6XFTZnpebble.o)
 .text.gbitmap_create_with_resource
                0x0000000000000000        0xc /home/lars/pebble-dev/PebbleSDK-3.0-dp1/Pebble/aplite/lib/libpebble.a(tmp6XFTZnpebble.o)
 .text.gbitmap_destroy
                0x0000000000000000        0xc /home/lars/pebble-dev/PebbleSDK-3.0-dp1/Pebble/aplite/lib/libpebble.a(tmp6XFTZnpebble.o)
 .text.gmtime   0x0000000000000000        0xc /home/lars/pebble-dev/PebbleSDK-3.0-dp1/Pebble/aplite/lib/libpebble.a(tmp6XFTZnpebble.o)
 .text.gpath_create
                0x0000000000000000        0xc /home/lars/pebble-dev/PebbleSDK-3.0-dp1/Pebble/aplite/lib/libpebble.a(tmp6XFTZnpebble.o)
 .text.gpath_destroy
                0x0000000000000000        0xc /home/lars/pebble-dev/PebbleSDK-3.0-dp1/Pebble/aplite/lib/libpebble.a(tmp6XFTZnpebble.o)
 .text.gpath_draw_filled_legacy
                0x0000000000000000        0xc /home/lars/pebble-dev/PebbleSDK-3.0-dp1/Pebble/aplite/lib/libpebble.a(tmp6XFTZnpebble.o)
 .text.gpath_draw_outline
                0x0000000000000000        0xc /home/lars/pebble-dev/PebbleSDK-3.0-dp1/Pebble/aplite/lib/libpebble.a(tmp6XFTZnpebble.o)
 .text.gpath_move_to
                0x0000000000000000        0xc /home/lars/pebble-dev/PebbleSDK-3.0-dp1/Pebble/aplite/lib/libpebble.a(tmp6XFTZnpebble.o)
 .text.gpath_rotate_to
                0x0000000000000000        0xc /home/lars/pebble-dev/PebbleSDK-3.0-dp1/Pebble/aplite/lib/libpebble.a(tmp6XFTZnpebble.o)
 .text.gpoint_equal
                0x0000000000000000        0xc /home/lars/pebble-dev/PebbleSDK-3.0-dp1/Pebble/aplite/lib/libpebble.a(tmp6XFTZnpebble.o)
 .text.graphics_context_set_compositing_mode
                0x0000000000000000        0xc /home/lars/pebble-dev/PebbleSDK-3.0-dp1/Pebble/aplite/lib/libpebble.a(tmp6XFTZnpebble.o)
 .text.graphics_context_set_stroke_color
                0x0000000000000000        0xc /home/lars/pebble-dev/PebbleSDK-3.0-dp1/Pebble/aplite/lib/libpebble.a(tmp6XFTZnpebble.o)
 .text.graphics_context_set_text_color
                0x0000000000000000        0xc /home/lars/pebble-dev/PebbleSDK-3.0-dp1/Pebble/aplite/lib/libpebble.a(tmp6XFTZnpebble.o)
 .text.graphics_draw_bitmap_in_rect
                0x0000000000000000        0xc /home/lars/pebble-dev/PebbleSDK-3.0-dp1/Pebble/aplite/lib/libpebble.a(tmp6XFTZnpebble.o)
 .text.graphics_draw_circle
                0x0000000000000000        0xc /home/lars/pebble-dev/PebbleSDK-3.0-dp1/Pebble/aplite/lib/libpebble.a(tmp6XFTZnpebble.o)
 .text.graphics_draw_line
                0x0000000000000000        0xc /home/lars/pebble-dev/PebbleSDK-3.0-dp1/Pebble/aplite/lib/libpebble.a(tmp6XFTZnpebble.o)
 .text.graphics_draw_pixel
                0x0000000000000000        0xc /home/lars/pebble-dev/PebbleSDK-3.0-dp1/Pebble/aplite/lib/libpebble.a(tmp6XFTZnpebble.o)
 .text.graphics_draw_rect
                0x0000000000000000        0xc /home/lars/pebble-dev/PebbleSDK-3.0-dp1/Pebble/aplite/lib/libpebble.a(tmp6XFTZnpebble.o)
 .text.graphics_draw_round_rect
                0x0000000000000000        0xc /home/lars/pebble-dev/PebbleSDK-3.0-dp1/Pebble/aplite/lib/libpebble.a(tmp6XFTZnpebble.o)
 .text.graphics_fill_rect
                0x0000000000000000        0xc /home/lars/pebble-dev/PebbleSDK-3.0-dp1/Pebble/aplite/lib/libpebble.a(tmp6XFTZnpebble.o)
 .text.graphics_text_layout_get_max_used_size
                0x0000000000000000        0xc /home/lars/pebble-dev/PebbleSDK-3.0-dp1/Pebble/aplite/lib/libpebble.a(tmp6XFTZnpebble.o)
 .text.grect_align
                0x0000000000000000        0xc /home/lars/pebble-dev/PebbleSDK-3.0-dp1/Pebble/aplite/lib/libpebble.a(tmp6XFTZnpebble.o)
 .text.grect_center_point
                0x0000000000000000        0xc /home/lars/pebble-dev/PebbleSDK-3.0-dp1/Pebble/aplite/lib/libpebble.a(tmp6XFTZnpebble.o)
 .text.grect_clip
                0x0000000000000000        0xc /home/lars/pebble-dev/PebbleSDK-3.0-dp1/Pebble/aplite/lib/libpebble.a(tmp6XFTZnpebble.o)
 .text.grect_contains_point
                0x0000000000000000        0xc /home/lars/pebble-dev/PebbleSDK-3.0-dp1/Pebble/aplite/lib/libpebble.a(tmp6XFTZnpebble.o)
 .text.grect_crop
                0x0000000000000000        0xc /home/lars/pebble-dev/PebbleSDK-3.0-dp1/Pebble/aplite/lib/libpebble.a(tmp6XFTZnpebble.o)
 .text.grect_equal
                0x0000000000000000        0xc /home/lars/pebble-dev/PebbleSDK-3.0-dp1/Pebble/aplite/lib/libpebble.a(tmp6XFTZnpebble.o)
 .text.grect_is_empty
                0x0000000000000000        0xc /home/lars/pebble-dev/PebbleSDK-3.0-dp1/Pebble/aplite/lib/libpebble.a(tmp6XFTZnpebble.o)
 .text.grect_standardize
                0x0000000000000000        0xc /home/lars/pebble-dev/PebbleSDK-3.0-dp1/Pebble/aplite/lib/libpebble.a(tmp6XFTZnpebble.o)
 .text.gsize_equal
                0x0000000000000000        0xc /home/lars/pebble-dev/PebbleSDK-3.0-dp1/Pebble/aplite/lib/libpebble.a(tmp6XFTZnpebble.o)
 .text.inverter_layer_create
                0x0000000000000000        0xc /home/lars/pebble-dev/PebbleSDK-3.0-dp1/Pebble/aplite/lib/libpebble.a(tmp6XFTZnpebble.o)
 .text.inverter_layer_destroy
                0x0000000000000000        0xc /home/lars/pebble-dev/PebbleSDK-3.0-dp1/Pebble/aplite/lib/libpebble.a(tmp6XFTZnpebble.o)
 .text.inverter_layer_get_layer
                0x0000000000000000        0xc /home/lars/pebble-dev/PebbleSDK-3.0-dp1/Pebble/aplite/lib/libpebble.a(tmp6XFTZnpebble.o)
 .text.layer_create_with_data
                0x0000000000000000        0xc /home/lars/pebble-dev/PebbleSDK-3.0-dp1/Pebble/aplite/lib/libpebble.a(tmp6XFTZnpebble.o)
 .text.layer_get_clips
                0x0000000000000000        0xc /home/lars/pebble-dev/PebbleSDK-3.0-dp1/Pebble/aplite/lib/libpebble.a(tmp6XFTZnpebble.o)
 .text.layer_get_data
                0x0000000000000000        0xc /home/lars/pebble-dev/PebbleSDK-3.0-dp1/Pebble/aplite/lib/libpebble.a(tmp6XFTZnpebble.o)
 .text.layer_get_frame
                0x0000000000000000        0xc /home/lars/pebble-dev/PebbleSDK-3.0-dp1/Pebble/aplite/lib/libpebble.a(tmp6XFTZnpebble.o)
 .text.layer_get_hidden
                0x0000000000000000        0xc /home/lars/pebble-dev/PebbleSDK-3.0-dp1/Pebble/aplite/lib/libpebble.a(tmp6XFTZnpebble.o)
 .text.layer_get_window
                0x0000000000000000        0xc /home/lars/pebble-dev/PebbleSDK-3.0-dp1/Pebble/aplite/lib/libpebble.a(tmp6XFTZnpebble.o)
 .text.layer_insert_above_sibling
                0x0000000000000000        0xc /home/lars/pebble-dev/PebbleSDK-3.0-dp1/Pebble/aplite/lib/libpebble.a(tmp6XFTZnpebble.o)
 .text.layer_insert_below_sibling
                0x0000000000000000        0xc /home/lars/pebble-dev/PebbleSDK-3.0-dp1/Pebble/aplite/lib/libpebble.a(tmp6XFTZnpebble.o)
 .text.layer_remove_child_layers
                0x0000000000000000        0xc /home/lars/pebble-dev/PebbleSDK-3.0-dp1/Pebble/aplite/lib/libpebble.a(tmp6XFTZnpebble.o)
 .text.layer_remove_from_parent
                0x0000000000000000        0xc /home/lars/pebble-dev/PebbleSDK-3.0-dp1/Pebble/aplite/lib/libpebble.a(tmp6XFTZnpebble.o)
 .text.layer_set_bounds
                0x0000000000000000        0xc /home/lars/pebble-dev/PebbleSDK-3.0-dp1/Pebble/aplite/lib/libpebble.a(tmp6XFTZnpebble.o)
 .text.layer_set_clips
                0x0000000000000000        0xc /home/lars/pebble-dev/PebbleSDK-3.0-dp1/Pebble/aplite/lib/libpebble.a(tmp6XFTZnpebble.o)
 .text.layer_set_frame
                0x0000000000000000        0xc /home/lars/pebble-dev/PebbleSDK-3.0-dp1/Pebble/aplite/lib/libpebble.a(tmp6XFTZnpebble.o)
 .text.layer_set_hidden
                0x0000000000000000        0xc /home/lars/pebble-dev/PebbleSDK-3.0-dp1/Pebble/aplite/lib/libpebble.a(tmp6XFTZnpebble.o)
 .text.light_enable
                0x0000000000000000        0xc /home/lars/pebble-dev/PebbleSDK-3.0-dp1/Pebble/aplite/lib/libpebble.a(tmp6XFTZnpebble.o)
 .text.light_enable_interaction
                0x0000000000000000        0xc /home/lars/pebble-dev/PebbleSDK-3.0-dp1/Pebble/aplite/lib/libpebble.a(tmp6XFTZnpebble.o)
 .text.malloc   0x0000000000000000        0xc /home/lars/pebble-dev/PebbleSDK-3.0-dp1/Pebble/aplite/lib/libpebble.a(tmp6XFTZnpebble.o)
 .text.memcpy   0x0000000000000000        0xc /home/lars/pebble-dev/PebbleSDK-3.0-dp1/Pebble/aplite/lib/libpebble.a(tmp6XFTZnpebble.o)
 .text.memmove  0x0000000000000000        0xc /home/lars/pebble-dev/PebbleSDK-3.0-dp1/Pebble/aplite/lib/libpebble.a(tmp6XFTZnpebble.o)
 .text.memset   0x0000000000000000        0xc /home/lars/pebble-dev/PebbleSDK-3.0-dp1/Pebble/aplite/lib/libpebble.a(tmp6XFTZnpebble.o)
 .text.menu_cell_basic_draw
                0x0000000000000000        0xc /home/lars/pebble-dev/PebbleSDK-3.0-dp1/Pebble/aplite/lib/libpebble.a(tmp6XFTZnpebble.o)
 .text.menu_cell_basic_header_draw
                0x0000000000000000        0xc /home/lars/pebble-dev/PebbleSDK-3.0-dp1/Pebble/aplite/lib/libpebble.a(tmp6XFTZnpebble.o)
 .text.menu_cell_title_draw
                0x0000000000000000        0xc /home/lars/pebble-dev/PebbleSDK-3.0-dp1/Pebble/aplite/lib/libpebble.a(tmp6XFTZnpebble.o)
 .text.menu_index_compare
                0x0000000000000000        0xc /home/lars/pebble-dev/PebbleSDK-3.0-dp1/Pebble/aplite/lib/libpebble.a(tmp6XFTZnpebble.o)
 .text.menu_layer_create
                0x0000000000000000        0xc /home/lars/pebble-dev/PebbleSDK-3.0-dp1/Pebble/aplite/lib/libpebble.a(tmp6XFTZnpebble.o)
 .text.menu_layer_destroy
                0x0000000000000000        0xc /home/lars/pebble-dev/PebbleSDK-3.0-dp1/Pebble/aplite/lib/libpebble.a(tmp6XFTZnpebble.o)
 .text.menu_layer_get_layer
                0x0000000000000000        0xc /home/lars/pebble-dev/PebbleSDK-3.0-dp1/Pebble/aplite/lib/libpebble.a(tmp6XFTZnpebble.o)
 .text.menu_layer_get_scroll_layer
                0x0000000000000000        0xc /home/lars/pebble-dev/PebbleSDK-3.0-dp1/Pebble/aplite/lib/libpebble.a(tmp6XFTZnpebble.o)
 .text.menu_layer_get_selected_index
                0x0000000000000000        0xc /home/lars/pebble-dev/PebbleSDK-3.0-dp1/Pebble/aplite/lib/libpebble.a(tmp6XFTZnpebble.o)
 .text.menu_layer_reload_data
                0x0000000000000000        0xc /home/lars/pebble-dev/PebbleSDK-3.0-dp1/Pebble/aplite/lib/libpebble.a(tmp6XFTZnpebble.o)
 .text.menu_layer_set_callbacks__deprecated
                0x0000000000000000        0xc /home/lars/pebble-dev/PebbleSDK-3.0-dp1/Pebble/aplite/lib/libpebble.a(tmp6XFTZnpebble.o)
 .text.menu_layer_set_click_config_onto_window
                0x0000000000000000        0xc /home/lars/pebble-dev/PebbleSDK-3.0-dp1/Pebble/aplite/lib/libpebble.a(tmp6XFTZnpebble.o)
 .text.menu_layer_set_selected_index
                0x0000000000000000        0xc /home/lars/pebble-dev/PebbleSDK-3.0-dp1/Pebble/aplite/lib/libpebble.a(tmp6XFTZnpebble.o)
 .text.menu_layer_set_selected_next
                0x0000000000000000        0xc /home/lars/pebble-dev/PebbleSDK-3.0-dp1/Pebble/aplite/lib/libpebble.a(tmp6XFTZnpebble.o)
 .text.number_window_create
                0x0000000000000000        0xc /home/lars/pebble-dev/PebbleSDK-3.0-dp1/Pebble/aplite/lib/libpebble.a(tmp6XFTZnpebble.o)
 .text.number_window_destroy
                0x0000000000000000        0xc /home/lars/pebble-dev/PebbleSDK-3.0-dp1/Pebble/aplite/lib/libpebble.a(tmp6XFTZnpebble.o)
 .text.number_window_get_value
                0x0000000000000000        0xc /home/lars/pebble-dev/PebbleSDK-3.0-dp1/Pebble/aplite/lib/libpebble.a(tmp6XFTZnpebble.o)
 .text.number_window_set_label
                0x0000000000000000        0xc /home/lars/pebble-dev/PebbleSDK-3.0-dp1/Pebble/aplite/lib/libpebble.a(tmp6XFTZnpebble.o)
 .text.number_window_set_max
                0x0000000000000000        0xc /home/lars/pebble-dev/PebbleSDK-3.0-dp1/Pebble/aplite/lib/libpebble.a(tmp6XFTZnpebble.o)
 .text.number_window_set_min
                0x0000000000000000        0xc /home/lars/pebble-dev/PebbleSDK-3.0-dp1/Pebble/aplite/lib/libpebble.a(tmp6XFTZnpebble.o)
 .text.number_window_set_step_size
                0x0000000000000000        0xc /home/lars/pebble-dev/PebbleSDK-3.0-dp1/Pebble/aplite/lib/libpebble.a(tmp6XFTZnpebble.o)
 .text.number_window_set_value
                0x0000000000000000        0xc /home/lars/pebble-dev/PebbleSDK-3.0-dp1/Pebble/aplite/lib/libpebble.a(tmp6XFTZnpebble.o)
 .text.persist_delete
                0x0000000000000000        0xc /home/lars/pebble-dev/PebbleSDK-3.0-dp1/Pebble/aplite/lib/libpebble.a(tmp6XFTZnpebble.o)
 .text.persist_exists
                0x0000000000000000        0xc /home/lars/pebble-dev/PebbleSDK-3.0-dp1/Pebble/aplite/lib/libpebble.a(tmp6XFTZnpebble.o)
 .text.persist_get_size
                0x0000000000000000        0xc /home/lars/pebble-dev/PebbleSDK-3.0-dp1/Pebble/aplite/lib/libpebble.a(tmp6XFTZnpebble.o)
 .text.persist_read_bool
                0x0000000000000000        0xc /home/lars/pebble-dev/PebbleSDK-3.0-dp1/Pebble/aplite/lib/libpebble.a(tmp6XFTZnpebble.o)
 .text.persist_read_data__deprecated
                0x0000000000000000        0xc /home/lars/pebble-dev/PebbleSDK-3.0-dp1/Pebble/aplite/lib/libpebble.a(tmp6XFTZnpebble.o)
 .text.persist_read_int
                0x0000000000000000        0xc /home/lars/pebble-dev/PebbleSDK-3.0-dp1/Pebble/aplite/lib/libpebble.a(tmp6XFTZnpebble.o)
 .text.persist_read_string__deprecated
                0x0000000000000000        0xc /home/lars/pebble-dev/PebbleSDK-3.0-dp1/Pebble/aplite/lib/libpebble.a(tmp6XFTZnpebble.o)
 .text.persist_write_bool
                0x0000000000000000        0xc /home/lars/pebble-dev/PebbleSDK-3.0-dp1/Pebble/aplite/lib/libpebble.a(tmp6XFTZnpebble.o)
 .text.persist_write_data__deprecated
                0x0000000000000000        0xc /home/lars/pebble-dev/PebbleSDK-3.0-dp1/Pebble/aplite/lib/libpebble.a(tmp6XFTZnpebble.o)
 .text.persist_write_int
                0x0000000000000000        0xc /home/lars/pebble-dev/PebbleSDK-3.0-dp1/Pebble/aplite/lib/libpebble.a(tmp6XFTZnpebble.o)
 .text.persist_write_string
                0x0000000000000000        0xc /home/lars/pebble-dev/PebbleSDK-3.0-dp1/Pebble/aplite/lib/libpebble.a(tmp6XFTZnpebble.o)
 .text.property_animation_create
                0x0000000000000000        0xc /home/lars/pebble-dev/PebbleSDK-3.0-dp1/Pebble/aplite/lib/libpebble.a(tmp6XFTZnpebble.o)
 .text.property_animation_create_layer_frame
                0x0000000000000000        0xc /home/lars/pebble-dev/PebbleSDK-3.0-dp1/Pebble/aplite/lib/libpebble.a(tmp6XFTZnpebble.o)
 .text.property_animation_destroy
                0x0000000000000000        0xc /home/lars/pebble-dev/PebbleSDK-3.0-dp1/Pebble/aplite/lib/libpebble.a(tmp6XFTZnpebble.o)
 .text.property_animation_update_gpoint
                0x0000000000000000        0xc /home/lars/pebble-dev/PebbleSDK-3.0-dp1/Pebble/aplite/lib/libpebble.a(tmp6XFTZnpebble.o)
 .text.property_animation_update_grect
                0x0000000000000000        0xc /home/lars/pebble-dev/PebbleSDK-3.0-dp1/Pebble/aplite/lib/libpebble.a(tmp6XFTZnpebble.o)
 .text.property_animation_update_int16
                0x0000000000000000        0xc /home/lars/pebble-dev/PebbleSDK-3.0-dp1/Pebble/aplite/lib/libpebble.a(tmp6XFTZnpebble.o)
 .text.psleep   0x0000000000000000        0xc /home/lars/pebble-dev/PebbleSDK-3.0-dp1/Pebble/aplite/lib/libpebble.a(tmp6XFTZnpebble.o)
 .text.rand     0x0000000000000000        0xc /home/lars/pebble-dev/PebbleSDK-3.0-dp1/Pebble/aplite/lib/libpebble.a(tmp6XFTZnpebble.o)
 .text.resource_get_handle
                0x0000000000000000        0xc /home/lars/pebble-dev/PebbleSDK-3.0-dp1/Pebble/aplite/lib/libpebble.a(tmp6XFTZnpebble.o)
 .text.resource_load
                0x0000000000000000        0xc /home/lars/pebble-dev/PebbleSDK-3.0-dp1/Pebble/aplite/lib/libpebble.a(tmp6XFTZnpebble.o)
 .text.resource_load_byte_range
                0x0000000000000000        0xc /home/lars/pebble-dev/PebbleSDK-3.0-dp1/Pebble/aplite/lib/libpebble.a(tmp6XFTZnpebble.o)
 .text.resource_size
                0x0000000000000000        0xc /home/lars/pebble-dev/PebbleSDK-3.0-dp1/Pebble/aplite/lib/libpebble.a(tmp6XFTZnpebble.o)
 .text.rot_bitmap_layer_create
                0x0000000000000000        0xc /home/lars/pebble-dev/PebbleSDK-3.0-dp1/Pebble/aplite/lib/libpebble.a(tmp6XFTZnpebble.o)
 .text.rot_bitmap_layer_destroy
                0x0000000000000000        0xc /home/lars/pebble-dev/PebbleSDK-3.0-dp1/Pebble/aplite/lib/libpebble.a(tmp6XFTZnpebble.o)
 .text.rot_bitmap_layer_increment_angle
                0x0000000000000000        0xc /home/lars/pebble-dev/PebbleSDK-3.0-dp1/Pebble/aplite/lib/libpebble.a(tmp6XFTZnpebble.o)
 .text.rot_bitmap_layer_set_angle
                0x0000000000000000        0xc /home/lars/pebble-dev/PebbleSDK-3.0-dp1/Pebble/aplite/lib/libpebble.a(tmp6XFTZnpebble.o)
 .text.rot_bitmap_layer_set_corner_clip_color
                0x0000000000000000        0xc /home/lars/pebble-dev/PebbleSDK-3.0-dp1/Pebble/aplite/lib/libpebble.a(tmp6XFTZnpebble.o)
 .text.rot_bitmap_set_compositing_mode
                0x0000000000000000        0xc /home/lars/pebble-dev/PebbleSDK-3.0-dp1/Pebble/aplite/lib/libpebble.a(tmp6XFTZnpebble.o)
 .text.rot_bitmap_set_src_ic
                0x0000000000000000        0xc /home/lars/pebble-dev/PebbleSDK-3.0-dp1/Pebble/aplite/lib/libpebble.a(tmp6XFTZnpebble.o)
 .text.scroll_layer_add_child
                0x0000000000000000        0xc /home/lars/pebble-dev/PebbleSDK-3.0-dp1/Pebble/aplite/lib/libpebble.a(tmp6XFTZnpebble.o)
 .text.scroll_layer_create
                0x0000000000000000        0xc /home/lars/pebble-dev/PebbleSDK-3.0-dp1/Pebble/aplite/lib/libpebble.a(tmp6XFTZnpebble.o)
 .text.scroll_layer_destroy
                0x0000000000000000        0xc /home/lars/pebble-dev/PebbleSDK-3.0-dp1/Pebble/aplite/lib/libpebble.a(tmp6XFTZnpebble.o)
 .text.scroll_layer_get_content_offset
                0x0000000000000000        0xc /home/lars/pebble-dev/PebbleSDK-3.0-dp1/Pebble/aplite/lib/libpebble.a(tmp6XFTZnpebble.o)
 .text.scroll_layer_get_content_size
                0x0000000000000000        0xc /home/lars/pebble-dev/PebbleSDK-3.0-dp1/Pebble/aplite/lib/libpebble.a(tmp6XFTZnpebble.o)
 .text.scroll_layer_get_layer
                0x0000000000000000        0xc /home/lars/pebble-dev/PebbleSDK-3.0-dp1/Pebble/aplite/lib/libpebble.a(tmp6XFTZnpebble.o)
 .text.scroll_layer_get_shadow_hidden
                0x0000000000000000        0xc /home/lars/pebble-dev/PebbleSDK-3.0-dp1/Pebble/aplite/lib/libpebble.a(tmp6XFTZnpebble.o)
 .text.scroll_layer_scroll_down_click_handler
                0x0000000000000000        0xc /home/lars/pebble-dev/PebbleSDK-3.0-dp1/Pebble/aplite/lib/libpebble.a(tmp6XFTZnpebble.o)
 .text.scroll_layer_scroll_up_click_handler
                0x0000000000000000        0xc /home/lars/pebble-dev/PebbleSDK-3.0-dp1/Pebble/aplite/lib/libpebble.a(tmp6XFTZnpebble.o)
 .text.scroll_layer_set_callbacks
                0x0000000000000000        0xc /home/lars/pebble-dev/PebbleSDK-3.0-dp1/Pebble/aplite/lib/libpebble.a(tmp6XFTZnpebble.o)
 .text.scroll_layer_set_click_config_onto_window
                0x0000000000000000        0xc /home/lars/pebble-dev/PebbleSDK-3.0-dp1/Pebble/aplite/lib/libpebble.a(tmp6XFTZnpebble.o)
 .text.scroll_layer_set_content_offset
                0x0000000000000000        0xc /home/lars/pebble-dev/PebbleSDK-3.0-dp1/Pebble/aplite/lib/libpebble.a(tmp6XFTZnpebble.o)
 .text.scroll_layer_set_content_size
                0x0000000000000000        0xc /home/lars/pebble-dev/PebbleSDK-3.0-dp1/Pebble/aplite/lib/libpebble.a(tmp6XFTZnpebble.o)
 .text.scroll_layer_set_context
                0x0000000000000000        0xc /home/lars/pebble-dev/PebbleSDK-3.0-dp1/Pebble/aplite/lib/libpebble.a(tmp6XFTZnpebble.o)
 .text.scroll_layer_set_frame
                0x0000000000000000        0xc /home/lars/pebble-dev/PebbleSDK-3.0-dp1/Pebble/aplite/lib/libpebble.a(tmp6XFTZnpebble.o)
 .text.scroll_layer_set_shadow_hidden
                0x0000000000000000        0xc /home/lars/pebble-dev/PebbleSDK-3.0-dp1/Pebble/aplite/lib/libpebble.a(tmp6XFTZnpebble.o)
 .text.simple_menu_layer_create
                0x0000000000000000        0xc /home/lars/pebble-dev/PebbleSDK-3.0-dp1/Pebble/aplite/lib/libpebble.a(tmp6XFTZnpebble.o)
 .text.simple_menu_layer_destroy
                0x0000000000000000        0xc /home/lars/pebble-dev/PebbleSDK-3.0-dp1/Pebble/aplite/lib/libpebble.a(tmp6XFTZnpebble.o)
 .text.simple_menu_layer_get_layer
                0x0000000000000000        0xc /home/lars/pebble-dev/PebbleSDK-3.0-dp1/Pebble/aplite/lib/libpebble.a(tmp6XFTZnpebble.o)
 .text.simple_menu_layer_get_selected_index
                0x0000000000000000        0xc /home/lars/pebble-dev/PebbleSDK-3.0-dp1/Pebble/aplite/lib/libpebble.a(tmp6XFTZnpebble.o)
 .text.simple_menu_layer_set_selected_index
                0x0000000000000000        0xc /home/lars/pebble-dev/PebbleSDK-3.0-dp1/Pebble/aplite/lib/libpebble.a(tmp6XFTZnpebble.o)
 .text.sin_lookup
                0x0000000000000000        0xc /home/lars/pebble-dev/PebbleSDK-3.0-dp1/Pebble/aplite/lib/libpebble.a(tmp6XFTZnpebble.o)
 .text.snprintf
                0x0000000000000000        0xc /home/lars/pebble-dev/PebbleSDK-3.0-dp1/Pebble/aplite/lib/libpebble.a(tmp6XFTZnpebble.o)
 .text.srand    0x0000000000000000        0xc /home/lars/pebble-dev/PebbleSDK-3.0-dp1/Pebble/aplite/lib/libpebble.a(tmp6XFTZnpebble.o)
 .text.strcat   0x0000000000000000        0xc /home/lars/pebble-dev/PebbleSDK-3.0-dp1/Pebble/aplite/lib/libpebble.a(tmp6XFTZnpebble.o)
 .text.strcmp   0x0000000000000000        0xc /home/lars/pebble-dev/PebbleSDK-3.0-dp1/Pebble/aplite/lib/libpebble.a(tmp6XFTZnpebble.o)
 .text.strcpy   0x0000000000000000        0xc /home/lars/pebble-dev/PebbleSDK-3.0-dp1/Pebble/aplite/lib/libpebble.a(tmp6XFTZnpebble.o)
 .text.strftime
                0x0000000000000000        0xc /home/lars/pebble-dev/PebbleSDK-3.0-dp1/Pebble/aplite/lib/libpebble.a(tmp6XFTZnpebble.o)
 .text.strlen   0x0000000000000000        0xc /home/lars/pebble-dev/PebbleSDK-3.0-dp1/Pebble/aplite/lib/libpebble.a(tmp6XFTZnpebble.o)
 .text.strncat  0x0000000000000000        0xc /home/lars/pebble-dev/PebbleSDK-3.0-dp1/Pebble/aplite/lib/libpebble.a(tmp6XFTZnpebble.o)
 .text.strncmp  0x0000000000000000        0xc /home/lars/pebble-dev/PebbleSDK-3.0-dp1/Pebble/aplite/lib/libpebble.a(tmp6XFTZnpebble.o)
 .text.strncpy  0x0000000000000000        0xc /home/lars/pebble-dev/PebbleSDK-3.0-dp1/Pebble/aplite/lib/libpebble.a(tmp6XFTZnpebble.o)
 .text.text_layer_get_content_size
                0x0000000000000000        0xc /home/lars/pebble-dev/PebbleSDK-3.0-dp1/Pebble/aplite/lib/libpebble.a(tmp6XFTZnpebble.o)
 .text.text_layer_get_text
                0x0000000000000000        0xc /home/lars/pebble-dev/PebbleSDK-3.0-dp1/Pebble/aplite/lib/libpebble.a(tmp6XFTZnpebble.o)
 .text.text_layer_set_overflow_mode
                0x0000000000000000        0xc /home/lars/pebble-dev/PebbleSDK-3.0-dp1/Pebble/aplite/lib/libpebble.a(tmp6XFTZnpebble.o)
 .text.text_layer_set_size
                0x0000000000000000        0xc /home/lars/pebble-dev/PebbleSDK-3.0-dp1/Pebble/aplite/lib/libpebble.a(tmp6XFTZnpebble.o)
 .text.text_layer_set_text
                0x0000000000000000        0xc /home/lars/pebble-dev/PebbleSDK-3.0-dp1/Pebble/aplite/lib/libpebble.a(tmp6XFTZnpebble.o)
 .text.text_layer_set_text_alignment
                0x0000000000000000        0xc /home/lars/pebble-dev/PebbleSDK-3.0-dp1/Pebble/aplite/lib/libpebble.a(tmp6XFTZnpebble.o)
 .text.tick_timer_service_unsubscribe
                0x0000000000000000        0xc /home/lars/pebble-dev/PebbleSDK-3.0-dp1/Pebble/aplite/lib/libpebble.a(tmp6XFTZnpebble.o)
 .text.time_ms  0x0000000000000000        0xc /home/lars/pebble-dev/PebbleSDK-3.0-dp1/Pebble/aplite/lib/libpebble.a(tmp6XFTZnpebble.o)
 .text.vibes_cancel
                0x0000000000000000        0xc /home/lars/pebble-dev/PebbleSDK-3.0-dp1/Pebble/aplite/lib/libpebble.a(tmp6XFTZnpebble.o)
 .text.vibes_double_pulse
                0x0000000000000000        0xc /home/lars/pebble-dev/PebbleSDK-3.0-dp1/Pebble/aplite/lib/libpebble.a(tmp6XFTZnpebble.o)
 .text.vibes_enqueue_custom_pattern
                0x0000000000000000        0xc /home/lars/pebble-dev/PebbleSDK-3.0-dp1/Pebble/aplite/lib/libpebble.a(tmp6XFTZnpebble.o)
 .text.vibes_long_pulse
                0x0000000000000000        0xc /home/lars/pebble-dev/PebbleSDK-3.0-dp1/Pebble/aplite/lib/libpebble.a(tmp6XFTZnpebble.o)
 .text.vibes_short_pulse
                0x0000000000000000        0xc /home/lars/pebble-dev/PebbleSDK-3.0-dp1/Pebble/aplite/lib/libpebble.a(tmp6XFTZnpebble.o)
 .text.window_get_click_config_provider
                0x0000000000000000        0xc /home/lars/pebble-dev/PebbleSDK-3.0-dp1/Pebble/aplite/lib/libpebble.a(tmp6XFTZnpebble.o)
 .text.window_get_fullscreen
                0x0000000000000000        0xc /home/lars/pebble-dev/PebbleSDK-3.0-dp1/Pebble/aplite/lib/libpebble.a(tmp6XFTZnpebble.o)
 .text.window_is_loaded
                0x0000000000000000        0xc /home/lars/pebble-dev/PebbleSDK-3.0-dp1/Pebble/aplite/lib/libpebble.a(tmp6XFTZnpebble.o)
 .text.window_set_click_config_provider
                0x0000000000000000        0xc /home/lars/pebble-dev/PebbleSDK-3.0-dp1/Pebble/aplite/lib/libpebble.a(tmp6XFTZnpebble.o)
 .text.window_set_click_config_provider_with_context
                0x0000000000000000        0xc /home/lars/pebble-dev/PebbleSDK-3.0-dp1/Pebble/aplite/lib/libpebble.a(tmp6XFTZnpebble.o)
 .text.window_set_status_bar_icon
                0x0000000000000000        0xc /home/lars/pebble-dev/PebbleSDK-3.0-dp1/Pebble/aplite/lib/libpebble.a(tmp6XFTZnpebble.o)
 .text.window_set_window_handlers
                0x0000000000000000        0xc /home/lars/pebble-dev/PebbleSDK-3.0-dp1/Pebble/aplite/lib/libpebble.a(tmp6XFTZnpebble.o)
 .text.window_stack_contains_window
                0x0000000000000000        0xc /home/lars/pebble-dev/PebbleSDK-3.0-dp1/Pebble/aplite/lib/libpebble.a(tmp6XFTZnpebble.o)
 .text.window_stack_get_top_window
                0x0000000000000000        0xc /home/lars/pebble-dev/PebbleSDK-3.0-dp1/Pebble/aplite/lib/libpebble.a(tmp6XFTZnpebble.o)
 .text.window_stack_pop
                0x0000000000000000        0xc /home/lars/pebble-dev/PebbleSDK-3.0-dp1/Pebble/aplite/lib/libpebble.a(tmp6XFTZnpebble.o)
 .text.window_stack_pop_all
                0x0000000000000000        0xc /home/lars/pebble-dev/PebbleSDK-3.0-dp1/Pebble/aplite/lib/libpebble.a(tmp6XFTZnpebble.o)
 .text.window_stack_remove
                0x0000000000000000        0xc /home/lars/pebble-dev/PebbleSDK-3.0-dp1/Pebble/aplite/lib/libpebble.a(tmp6XFTZnpebble.o)
 .text.app_focus_service_subscribe
                0x0000000000000000        0xc /home/lars/pebble-dev/PebbleSDK-3.0-dp1/Pebble/aplite/lib/libpebble.a(tmp6XFTZnpebble.o)
 .text.app_focus_service_unsubscribe
                0x0000000000000000        0xc /home/lars/pebble-dev/PebbleSDK-3.0-dp1/Pebble/aplite/lib/libpebble.a(tmp6XFTZnpebble.o)
 .text.window_get_user_data
                0x0000000000000000        0xc /home/lars/pebble-dev/PebbleSDK-3.0-dp1/Pebble/aplite/lib/libpebble.a(tmp6XFTZnpebble.o)
 .text.window_set_user_data
                0x0000000000000000        0xc /home/lars/pebble-dev/PebbleSDK-3.0-dp1/Pebble/aplite/lib/libpebble.a(tmp6XFTZnpebble.o)
 .text.app_message_get_context
                0x0000000000000000        0xc /home/lars/pebble-dev/PebbleSDK-3.0-dp1/Pebble/aplite/lib/libpebble.a(tmp6XFTZnpebble.o)
 .text.app_message_inbox_size_maximum
                0x0000000000000000        0xc /home/lars/pebble-dev/PebbleSDK-3.0-dp1/Pebble/aplite/lib/libpebble.a(tmp6XFTZnpebble.o)
 .text.app_message_outbox_begin
                0x0000000000000000        0xc /home/lars/pebble-dev/PebbleSDK-3.0-dp1/Pebble/aplite/lib/libpebble.a(tmp6XFTZnpebble.o)
 .text.app_message_outbox_send
                0x0000000000000000        0xc /home/lars/pebble-dev/PebbleSDK-3.0-dp1/Pebble/aplite/lib/libpebble.a(tmp6XFTZnpebble.o)
 .text.app_message_outbox_size_maximum
                0x0000000000000000        0xc /home/lars/pebble-dev/PebbleSDK-3.0-dp1/Pebble/aplite/lib/libpebble.a(tmp6XFTZnpebble.o)
 .text.app_message_register_inbox_dropped
                0x0000000000000000        0xc /home/lars/pebble-dev/PebbleSDK-3.0-dp1/Pebble/aplite/lib/libpebble.a(tmp6XFTZnpebble.o)
 .text.app_message_register_inbox_received
                0x0000000000000000        0xc /home/lars/pebble-dev/PebbleSDK-3.0-dp1/Pebble/aplite/lib/libpebble.a(tmp6XFTZnpebble.o)
 .text.app_message_register_outbox_failed
                0x0000000000000000        0xc /home/lars/pebble-dev/PebbleSDK-3.0-dp1/Pebble/aplite/lib/libpebble.a(tmp6XFTZnpebble.o)
 .text.app_message_register_outbox_sent
                0x0000000000000000        0xc /home/lars/pebble-dev/PebbleSDK-3.0-dp1/Pebble/aplite/lib/libpebble.a(tmp6XFTZnpebble.o)
 .text.app_message_set_context
                0x0000000000000000        0xc /home/lars/pebble-dev/PebbleSDK-3.0-dp1/Pebble/aplite/lib/libpebble.a(tmp6XFTZnpebble.o)
 .text.window_long_click_subscribe
                0x0000000000000000        0xc /home/lars/pebble-dev/PebbleSDK-3.0-dp1/Pebble/aplite/lib/libpebble.a(tmp6XFTZnpebble.o)
 .text.window_multi_click_subscribe
                0x0000000000000000        0xc /home/lars/pebble-dev/PebbleSDK-3.0-dp1/Pebble/aplite/lib/libpebble.a(tmp6XFTZnpebble.o)
 .text.window_raw_click_subscribe
                0x0000000000000000        0xc /home/lars/pebble-dev/PebbleSDK-3.0-dp1/Pebble/aplite/lib/libpebble.a(tmp6XFTZnpebble.o)
 .text.window_set_click_context
                0x0000000000000000        0xc /home/lars/pebble-dev/PebbleSDK-3.0-dp1/Pebble/aplite/lib/libpebble.a(tmp6XFTZnpebble.o)
 .text.window_single_click_subscribe
                0x0000000000000000        0xc /home/lars/pebble-dev/PebbleSDK-3.0-dp1/Pebble/aplite/lib/libpebble.a(tmp6XFTZnpebble.o)
 .text.window_single_repeating_click_subscribe
                0x0000000000000000        0xc /home/lars/pebble-dev/PebbleSDK-3.0-dp1/Pebble/aplite/lib/libpebble.a(tmp6XFTZnpebble.o)
 .text.graphics_draw_text
                0x0000000000000000        0xc /home/lars/pebble-dev/PebbleSDK-3.0-dp1/Pebble/aplite/lib/libpebble.a(tmp6XFTZnpebble.o)
 .text.dict_serialize_tuplets_to_buffer
                0x0000000000000000        0xc /home/lars/pebble-dev/PebbleSDK-3.0-dp1/Pebble/aplite/lib/libpebble.a(tmp6XFTZnpebble.o)
 .text.persist_read_data
                0x0000000000000000        0xc /home/lars/pebble-dev/PebbleSDK-3.0-dp1/Pebble/aplite/lib/libpebble.a(tmp6XFTZnpebble.o)
 .text.persist_read_string
                0x0000000000000000        0xc /home/lars/pebble-dev/PebbleSDK-3.0-dp1/Pebble/aplite/lib/libpebble.a(tmp6XFTZnpebble.o)
 .text.persist_write_data
                0x0000000000000000        0xc /home/lars/pebble-dev/PebbleSDK-3.0-dp1/Pebble/aplite/lib/libpebble.a(tmp6XFTZnpebble.o)
 .text.dict_size
                0x0000000000000000        0xc /home/lars/pebble-dev/PebbleSDK-3.0-dp1/Pebble/aplite/lib/libpebble.a(tmp6XFTZnpebble.o)
 .text.graphics_text_layout_get_content_size
                0x0000000000000000        0xc /home/lars/pebble-dev/PebbleSDK-3.0-dp1/Pebble/aplite/lib/libpebble.a(tmp6XFTZnpebble.o)
 .text.simple_menu_layer_get_menu_layer
                0x0000000000000000        0xc /home/lars/pebble-dev/PebbleSDK-3.0-dp1/Pebble/aplite/lib/libpebble.a(tmp6XFTZnpebble.o)
 .text.accel_data_service_subscribe
                0x0000000000000000        0xc /home/lars/pebble-dev/PebbleSDK-3.0-dp1/Pebble/aplite/lib/libpebble.a(tmp6XFTZnpebble.o)
 .text.calloc   0x0000000000000000        0xc /home/lars/pebble-dev/PebbleSDK-3.0-dp1/Pebble/aplite/lib/libpebble.a(tmp6XFTZnpebble.o)
 .text.bitmap_layer_get_bitmap
                0x0000000000000000        0xc /home/lars/pebble-dev/PebbleSDK-3.0-dp1/Pebble/aplite/lib/libpebble.a(tmp6XFTZnpebble.o)
 .text.menu_layer_set_callbacks
                0x0000000000000000        0xc /home/lars/pebble-dev/PebbleSDK-3.0-dp1/Pebble/aplite/lib/libpebble.a(tmp6XFTZnpebble.o)
 .text.window_get_click_config_context
                0x0000000000000000        0xc /home/lars/pebble-dev/PebbleSDK-3.0-dp1/Pebble/aplite/lib/libpebble.a(tmp6XFTZnpebble.o)
 .text.number_window_get_window
                0x0000000000000000        0xc /home/lars/pebble-dev/PebbleSDK-3.0-dp1/Pebble/aplite/lib/libpebble.a(tmp6XFTZnpebble.o)
 .text.realloc  0x0000000000000000        0xc /home/lars/pebble-dev/PebbleSDK-3.0-dp1/Pebble/aplite/lib/libpebble.a(tmp6XFTZnpebble.o)
 .text.gbitmap_create_blank
                0x0000000000000000        0xc /home/lars/pebble-dev/PebbleSDK-3.0-dp1/Pebble/aplite/lib/libpebble.a(tmp6XFTZnpebble.o)
 .text.click_recognizer_is_repeating
                0x0000000000000000        0xc /home/lars/pebble-dev/PebbleSDK-3.0-dp1/Pebble/aplite/lib/libpebble.a(tmp6XFTZnpebble.o)
 .text.accel_raw_data_service_subscribe
                0x0000000000000000        0xc /home/lars/pebble-dev/PebbleSDK-3.0-dp1/Pebble/aplite/lib/libpebble.a(tmp6XFTZnpebble.o)
 .text.app_worker_is_running
                0x0000000000000000        0xc /home/lars/pebble-dev/PebbleSDK-3.0-dp1/Pebble/aplite/lib/libpebble.a(tmp6XFTZnpebble.o)
 .text.app_worker_kill
                0x0000000000000000        0xc /home/lars/pebble-dev/PebbleSDK-3.0-dp1/Pebble/aplite/lib/libpebble.a(tmp6XFTZnpebble.o)
 .text.app_worker_launch
                0x0000000000000000        0xc /home/lars/pebble-dev/PebbleSDK-3.0-dp1/Pebble/aplite/lib/libpebble.a(tmp6XFTZnpebble.o)
 .text.app_worker_message_subscribe
                0x0000000000000000        0xc /home/lars/pebble-dev/PebbleSDK-3.0-dp1/Pebble/aplite/lib/libpebble.a(tmp6XFTZnpebble.o)
 .text.app_worker_message_unsubscribe
                0x0000000000000000        0xc /home/lars/pebble-dev/PebbleSDK-3.0-dp1/Pebble/aplite/lib/libpebble.a(tmp6XFTZnpebble.o)
 .text.app_worker_send_message
                0x0000000000000000        0xc /home/lars/pebble-dev/PebbleSDK-3.0-dp1/Pebble/aplite/lib/libpebble.a(tmp6XFTZnpebble.o)
 .text.worker_event_loop
                0x0000000000000000        0xc /home/lars/pebble-dev/PebbleSDK-3.0-dp1/Pebble/aplite/lib/libpebble.a(tmp6XFTZnpebble.o)
 .text.worker_launch_app
                0x0000000000000000        0xc /home/lars/pebble-dev/PebbleSDK-3.0-dp1/Pebble/aplite/lib/libpebble.a(tmp6XFTZnpebble.o)
 .text.heap_bytes_free
                0x0000000000000000        0xc /home/lars/pebble-dev/PebbleSDK-3.0-dp1/Pebble/aplite/lib/libpebble.a(tmp6XFTZnpebble.o)
 .text.heap_bytes_used
                0x0000000000000000        0xc /home/lars/pebble-dev/PebbleSDK-3.0-dp1/Pebble/aplite/lib/libpebble.a(tmp6XFTZnpebble.o)
 .text.compass_service_peek
                0x0000000000000000        0xc /home/lars/pebble-dev/PebbleSDK-3.0-dp1/Pebble/aplite/lib/libpebble.a(tmp6XFTZnpebble.o)
 .text.compass_service_set_heading_filter
                0x0000000000000000        0xc /home/lars/pebble-dev/PebbleSDK-3.0-dp1/Pebble/aplite/lib/libpebble.a(tmp6XFTZnpebble.o)
 .text.compass_service_subscribe
                0x0000000000000000        0xc /home/lars/pebble-dev/PebbleSDK-3.0-dp1/Pebble/aplite/lib/libpebble.a(tmp6XFTZnpebble.o)
 .text.compass_service_unsubscribe
                0x0000000000000000        0xc /home/lars/pebble-dev/PebbleSDK-3.0-dp1/Pebble/aplite/lib/libpebble.a(tmp6XFTZnpebble.o)
 .text.uuid_equal
                0x0000000000000000        0xc /home/lars/pebble-dev/PebbleSDK-3.0-dp1/Pebble/aplite/lib/libpebble.a(tmp6XFTZnpebble.o)
 .text.uuid_to_string
                0x0000000000000000        0xc /home/lars/pebble-dev/PebbleSDK-3.0-dp1/Pebble/aplite/lib/libpebble.a(tmp6XFTZnpebble.o)
 .text.gpath_draw_filled
                0x0000000000000000        0xc /home/lars/pebble-dev/PebbleSDK-3.0-dp1/Pebble/aplite/lib/libpebble.a(tmp6XFTZnpebble.o)
 .text.animation_set_custom_curve
                0x0000000000000000        0xc /home/lars/pebble-dev/PebbleSDK-3.0-dp1/Pebble/aplite/lib/libpebble.a(tmp6XFTZnpebble.o)
 .text.watch_info_get_color
                0x0000000000000000        0xc /home/lars/pebble-dev/PebbleSDK-3.0-dp1/Pebble/aplite/lib/libpebble.a(tmp6XFTZnpebble.o)
 .text.watch_info_get_firmware_version
                0x0000000000000000        0xc /home/lars/pebble-dev/PebbleSDK-3.0-dp1/Pebble/aplite/lib/libpebble.a(tmp6XFTZnpebble.o)
 .text.watch_info_get_model
                0x0000000000000000        0xc /home/lars/pebble-dev/PebbleSDK-3.0-dp1/Pebble/aplite/lib/libpebble.a(tmp6XFTZnpebble.o)
 .text.graphics_capture_frame_buffer
                0x0000000000000000        0xc /home/lars/pebble-dev/PebbleSDK-3.0-dp1/Pebble/aplite/lib/libpebble.a(tmp6XFTZnpebble.o)
 .text.graphics_frame_buffer_is_captured
                0x0000000000000000        0xc /home/lars/pebble-dev/PebbleSDK-3.0-dp1/Pebble/aplite/lib/libpebble.a(tmp6XFTZnpebble.o)
 .text.graphics_release_frame_buffer
                0x0000000000000000        0xc /home/lars/pebble-dev/PebbleSDK-3.0-dp1/Pebble/aplite/lib/libpebble.a(tmp6XFTZnpebble.o)
 .text.clock_to_timestamp
                0x0000000000000000        0xc /home/lars/pebble-dev/PebbleSDK-3.0-dp1/Pebble/aplite/lib/libpebble.a(tmp6XFTZnpebble.o)
 .text.launch_reason
                0x0000000000000000        0xc /home/lars/pebble-dev/PebbleSDK-3.0-dp1/Pebble/aplite/lib/libpebble.a(tmp6XFTZnpebble.o)
 .text.wakeup_cancel
                0x0000000000000000        0xc /home/lars/pebble-dev/PebbleSDK-3.0-dp1/Pebble/aplite/lib/libpebble.a(tmp6XFTZnpebble.o)
 .text.wakeup_cancel_all
                0x0000000000000000        0xc /home/lars/pebble-dev/PebbleSDK-3.0-dp1/Pebble/aplite/lib/libpebble.a(tmp6XFTZnpebble.o)
 .text.wakeup_get_launch_event
                0x0000000000000000        0xc /home/lars/pebble-dev/PebbleSDK-3.0-dp1/Pebble/aplite/lib/libpebble.a(tmp6XFTZnpebble.o)
 .text.wakeup_query
                0x0000000000000000        0xc /home/lars/pebble-dev/PebbleSDK-3.0-dp1/Pebble/aplite/lib/libpebble.a(tmp6XFTZnpebble.o)
 .text.wakeup_schedule
                0x0000000000000000        0xc /home/lars/pebble-dev/PebbleSDK-3.0-dp1/Pebble/aplite/lib/libpebble.a(tmp6XFTZnpebble.o)
 .text.wakeup_service_subscribe
                0x0000000000000000        0xc /home/lars/pebble-dev/PebbleSDK-3.0-dp1/Pebble/aplite/lib/libpebble.a(tmp6XFTZnpebble.o)
 .text.clock_is_timezone_set
                0x0000000000000000        0xc /home/lars/pebble-dev/PebbleSDK-3.0-dp1/Pebble/aplite/lib/libpebble.a(tmp6XFTZnpebble.o)
 .text.i18n_get_system_locale
                0x0000000000000000        0xc /home/lars/pebble-dev/PebbleSDK-3.0-dp1/Pebble/aplite/lib/libpebble.a(tmp6XFTZnpebble.o)
 .text._localeconv_r
                0x0000000000000000        0xc /home/lars/pebble-dev/PebbleSDK-3.0-dp1/Pebble/aplite/lib/libpebble.a(tmp6XFTZnpebble.o)
 .text.setlocale
                0x0000000000000000        0xc /home/lars/pebble-dev/PebbleSDK-3.0-dp1/Pebble/aplite/lib/libpebble.a(tmp6XFTZnpebble.o)
 .text.mktime   0x0000000000000000        0xc /home/lars/pebble-dev/PebbleSDK-3.0-dp1/Pebble/aplite/lib/libpebble.a(tmp6XFTZnpebble.o)
 .bss           0x0000000000000000        0x0 /home/lars/pebble-dev/PebbleSDK-3.0-dp1/arm-cs-tools/bin/../lib/gcc/arm-none-eabi/4.7.2/thumb2/libgcc.a(_arm_addsubdf3.o)
 .bss           0x0000000000000000        0x0 /home/lars/pebble-dev/PebbleSDK-3.0-dp1/arm-cs-tools/bin/../lib/gcc/arm-none-eabi/4.7.2/thumb2/libgcc.a(_arm_cmpdf2.o)
 .bss           0x0000000000000000        0x0 /home/lars/pebble-dev/PebbleSDK-3.0-dp1/arm-cs-tools/bin/../lib/gcc/arm-none-eabi/4.7.2/thumb2/libgcc.a(_arm_addsubsf3.o)
 .bss           0x0000000000000000        0x0 /home/lars/pebble-dev/PebbleSDK-3.0-dp1/arm-cs-tools/bin/../lib/gcc/arm-none-eabi/4.7.2/thumb2/libgcc.a(_arm_muldivsf3.o)
 .bss           0x0000000000000000        0x0 /home/lars/pebble-dev/PebbleSDK-3.0-dp1/arm-cs-tools/bin/../lib/gcc/arm-none-eabi/4.7.2/thumb2/libgcc.a(_arm_cmpsf2.o)
 .bss           0x0000000000000000        0x0 /home/lars/pebble-dev/PebbleSDK-3.0-dp1/arm-cs-tools/bin/../lib/gcc/arm-none-eabi/4.7.2/thumb2/libgcc.a(_arm_fixsfsi.o)
 .bss           0x0000000000000000        0x0 /home/lars/pebble-dev/PebbleSDK-3.0-dp1/arm-cs-tools/bin/../lib/gcc/arm-none-eabi/4.7.2/thumb2/libgcc.a(_arm_fixunssfsi.o)
 .text          0x0000000000000000        0x0 /home/lars/pebble-dev/PebbleSDK-3.0-dp1/arm-cs-tools/bin/../lib/gcc/arm-none-eabi/4.7.2/thumb2/crtend.o
 .bss           0x0000000000000000        0x0 /home/lars/pebble-dev/PebbleSDK-3.0-dp1/arm-cs-tools/bin/../lib/gcc/arm-none-eabi/4.7.2/thumb2/crtend.o
 .eh_frame      0x0000000000000000        0x4 /home/lars/pebble-dev/PebbleSDK-3.0-dp1/arm-cs-tools/bin/../lib/gcc/arm-none-eabi/4.7.2/thumb2/crtend.o
 .jcr           0x0000000000000000        0x4 /home/lars/pebble-dev/PebbleSDK-3.0-dp1/arm-cs-tools/bin/../lib/gcc/arm-none-eabi/4.7.2/thumb2/crtend.o
 .tm_clone_table
                0x0000000000000000        0x0 /home/lars/pebble-dev/PebbleSDK-3.0-dp1/arm-cs-tools/bin/../lib/gcc/arm-none-eabi/4.7.2/thumb2/crtend.o
 .text          0x0000000000000000        0x0 /home/lars/pebble-dev/PebbleSDK-3.0-dp1/arm-cs-tools/bin/../lib/gcc/arm-none-eabi/4.7.2/thumb2/crtn.o
 .bss           0x0000000000000000        0x0 /home/lars/pebble-dev/PebbleSDK-3.0-dp1/arm-cs-tools/bin/../lib/gcc/arm-none-eabi/4.7.2/thumb2/crtn.o
 .init          0x0000000000000000        0x8 /home/lars/pebble-dev/PebbleSDK-3.0-dp1/arm-cs-tools/bin/../lib/gcc/arm-none-eabi/4.7.2/thumb2/crtn.o
 .fini          0x0000000000000000        0x8 /home/lars/pebble-dev/PebbleSDK-3.0-dp1/arm-cs-tools/bin/../lib/gcc/arm-none-eabi/4.7.2/thumb2/crtn.o

Memory Configuration

Name             Origin             Length             Attributes
APP              0x0000000000000000 0x0000000000006000 xrw
*default*        0x0000000000000000 0xffffffffffffffff

Linker script and memory map

LOAD /home/lars/pebble-dev/PebbleSDK-3.0-dp1/arm-cs-tools/bin/../lib/gcc/arm-none-eabi/4.7.2/thumb2/crti.o
LOAD /home/lars/pebble-dev/PebbleSDK-3.0-dp1/arm-cs-tools/bin/../lib/gcc/arm-none-eabi/4.7.2/thumb2/crtbegin.o
LOAD src/pebble-fireflies.c.8.o
LOAD src/tinymt32.c.8.o
LOAD aplite/appinfo.auto.c.8.o
LOAD /home/lars/pebble-dev/PebbleSDK-3.0-dp1/Pebble/aplite/lib/libpebble.a
START GROUP
LOAD /home/lars/pebble-dev/PebbleSDK-3.0-dp1/arm-cs-tools/bin/../lib/gcc/arm-none-eabi/4.7.2/thumb2/libgcc.a
LOAD /home/lars/pebble-dev/PebbleSDK-3.0-dp1/arm-cs-tools/bin/../lib/gcc/arm-none-eabi/4.7.2/../../../../arm-none-eabi/lib/thumb2/libc.a
END GROUP
LOAD /home/lars/pebble-dev/PebbleSDK-3.0-dp1/arm-cs-tools/bin/../lib/gcc/arm-none-eabi/4.7.2/thumb2/crtend.o
LOAD /home/lars/pebble-dev/PebbleSDK-3.0-dp1/arm-cs-tools/bin/../lib/gcc/arm-none-eabi/4.7.2/thumb2/crtn.o

.header         0x0000000000000000       0x82
 *(.pbl_header)
 .pbl_header    0x0000000000000000       0x82 aplite/appinfo.auto.c.8.o
                0x0000000000000000                __pbl_app_info

.note.gnu.build-id
                0x0000000000000082       0x26
                0x0000000000000082                PROVIDE (BUILD_ID, .)
 *(.note.gnu.build-id)
 *fill*         0x0000000000000082        0x2 
 .note.gnu.build-id
                0x0000000000000084       0x24 linker stubs

.text           0x00000000000000a8     0x1c4e
 *(.text)
 .text          0x00000000000000a8       0x14 /home/lars/pebble-dev/PebbleSDK-3.0-dp1/Pebble/aplite/lib/libpebble.a(tmp6XFTZnpebble.o)
 .text          0x00000000000000bc      0x370 /home/lars/pebble-dev/PebbleSDK-3.0-dp1/arm-cs-tools/bin/../lib/gcc/arm-none-eabi/4.7.2/thumb2/libgcc.a(_arm_addsubdf3.o)
                0x00000000000000bc                __aeabi_drsub
                0x00000000000000c4                __aeabi_dsub
                0x00000000000000c4                __subdf3
                0x00000000000000c8                __adddf3
                0x00000000000000c8                __aeabi_dadd
                0x0000000000000340                __aeabi_ui2d
                0x0000000000000340                __floatunsidf
                0x0000000000000360                __floatsidf
                0x0000000000000360                __aeabi_i2d
                0x0000000000000384                __extendsfdf2
                0x0000000000000384                __aeabi_f2d
                0x00000000000003c0                __aeabi_ul2d
                0x00000000000003c0                __floatundidf
                0x00000000000003d0                __floatdidf
                0x00000000000003d0                __aeabi_l2d
 .text          0x000000000000042c      0x110 /home/lars/pebble-dev/PebbleSDK-3.0-dp1/arm-cs-tools/bin/../lib/gcc/arm-none-eabi/4.7.2/thumb2/libgcc.a(_arm_cmpdf2.o)
                0x000000000000042c                __gtdf2
                0x000000000000042c                __gedf2
                0x0000000000000434                __ltdf2
                0x0000000000000434                __ledf2
                0x000000000000043c                __cmpdf2
                0x000000000000043c                __eqdf2
                0x000000000000043c                __nedf2
                0x00000000000004b8                __aeabi_cdrcmple
                0x00000000000004c8                __aeabi_cdcmple
                0x00000000000004c8                __aeabi_cdcmpeq
                0x00000000000004d8                __aeabi_dcmpeq
                0x00000000000004ec                __aeabi_dcmplt
                0x0000000000000500                __aeabi_dcmple
                0x0000000000000514                __aeabi_dcmpge
                0x0000000000000528                __aeabi_dcmpgt
 .text          0x000000000000053c      0x21c /home/lars/pebble-dev/PebbleSDK-3.0-dp1/arm-cs-tools/bin/../lib/gcc/arm-none-eabi/4.7.2/thumb2/libgcc.a(_arm_addsubsf3.o)
                0x000000000000053c                __aeabi_frsub
                0x0000000000000544                __subsf3
                0x0000000000000544                __aeabi_fsub
                0x0000000000000548                __aeabi_fadd
                0x0000000000000548                __addsf3
                0x00000000000006a8                __aeabi_ui2f
                0x00000000000006a8                __floatunsisf
                0x00000000000006b0                __aeabi_i2f
                0x00000000000006b0                __floatsisf
                0x00000000000006cc                __floatundisf
                0x00000000000006cc                __aeabi_ul2f
                0x00000000000006dc                __floatdisf
                0x00000000000006dc                __aeabi_l2f
 .text          0x0000000000000758      0x2a0 /home/lars/pebble-dev/PebbleSDK-3.0-dp1/arm-cs-tools/bin/../lib/gcc/arm-none-eabi/4.7.2/thumb2/libgcc.a(_arm_muldivsf3.o)
                0x0000000000000758                __mulsf3
                0x0000000000000758                __aeabi_fmul
                0x00000000000008c0                __divsf3
                0x00000000000008c0                __aeabi_fdiv
 .text          0x00000000000009f8       0xec /home/lars/pebble-dev/PebbleSDK-3.0-dp1/arm-cs-tools/bin/../lib/gcc/arm-none-eabi/4.7.2/thumb2/libgcc.a(_arm_cmpsf2.o)
                0x00000000000009f8                __gtsf2
                0x00000000000009f8                __gesf2
                0x0000000000000a00                __lesf2
                0x0000000000000a00                __ltsf2
                0x0000000000000a08                __nesf2
                0x0000000000000a08                __eqsf2
                0x0000000000000a08                __cmpsf2
                0x0000000000000a68                __aeabi_cfrcmple
                0x0000000000000a70                __aeabi_cfcmple
                0x0000000000000a70                __aeabi_cfcmpeq
                0x0000000000000a80                __aeabi_fcmpeq
                0x0000000000000a94                __aeabi_fcmplt
                0x0000000000000aa8                __aeabi_fcmple
                0x0000000000000abc                __aeabi_fcmpge
                0x0000000000000ad0                __aeabi_fcmpgt
 .text          0x0000000000000ae4       0x4c /home/lars/pebble-dev/PebbleSDK-3.0-dp1/arm-cs-tools/bin/../lib/gcc/arm-none-eabi/4.7.2/thumb2/libgcc.a(_arm_fixsfsi.o)
                0x0000000000000ae4                __fixsfsi
                0x0000000000000ae4                __aeabi_f2iz
 .text          0x0000000000000b30       0x40 /home/lars/pebble-dev/PebbleSDK-3.0-dp1/arm-cs-tools/bin/../lib/gcc/arm-none-eabi/4.7.2/thumb2/libgcc.a(_arm_fixunssfsi.o)
                0x0000000000000b30                __aeabi_f2uiz
                0x0000000000000b30                __fixunssfsi
 *(.text.*)
 .text.handle_animation_timer
                0x0000000000000b70       0x2c src/pebble-fireflies.c.8.o
                0x0000000000000b70                handle_animation_timer
 .text.tinymt32_generate_float01.constprop.0
                0x0000000000000b9c       0x6c src/pebble-fireflies.c.8.o
 .text.random_in_range
                0x0000000000000c08       0x24 src/pebble-fireflies.c.8.o
                0x0000000000000c08                random_in_range
 .text.random_in_rangef
                0x0000000000000c2c       0x26 src/pebble-fireflies.c.8.o
                0x0000000000000c2c                random_in_rangef
 *fill*         0x0000000000000c52        0x2 
 .text.random_point_roughly_in_screen
                0x0000000000000c54       0x60 src/pebble-fireflies.c.8.o
                0x0000000000000c54                random_point_roughly_in_screen
 *fill*         0x0000000000000cb4        0x4 
 .text.update_particle
                0x0000000000000cb8      0x270 src/pebble-fireflies.c.8.o
                0x0000000000000cb8                update_particle
 .text.draw_particle
                0x0000000000000f28       0x40 src/pebble-fireflies.c.8.o
                0x0000000000000f28                draw_particle
 .text.update_particles_layer
                0x0000000000000f68       0x24 src/pebble-fireflies.c.8.o
                0x0000000000000f68                update_particles_layer
 .text.swarm_to_a_different_location
                0x0000000000000f8c       0x58 src/pebble-fireflies.c.8.o
                0x0000000000000f8c                swarm_to_a_different_location
 .text.handle_swarm_timer
                0x0000000000000fe4       0x30 src/pebble-fireflies.c.8.o
                0x0000000000000fe4                handle_swarm_timer
 .text.disperse_particles
                0x0000000000001014       0x38 src/pebble-fireflies.c.8.o
                0x0000000000001014                disperse_particles
 .text.handle_disperse_timer
                0x000000000000104c       0x10 src/pebble-fireflies.c.8.o
                0x000000000000104c                handle_disperse_timer
 .text.swarm_to_digit
                0x000000000000105c      0x100 src/pebble-fireflies.c.8.o
                0x000000000000105c                swarm_to_digit
 .text.get_display_hour
                0x000000000000115c       0x20 src/pebble-fireflies.c.8.o
                0x000000000000115c                get_display_hour
 .text.display_time
                0x000000000000117c      0x114 src/pebble-fireflies.c.8.o
                0x000000000000117c                display_time
 .text.kickoff_display_time
                0x0000000000001290       0x2c src/pebble-fireflies.c.8.o
                0x0000000000001290                kickoff_display_time
 .text.handle_tap
                0x00000000000012bc        0x4 src/pebble-fireflies.c.8.o
                0x00000000000012bc                handle_tap
 .text.handle_tick
                0x00000000000012c0        0x4 src/pebble-fireflies.c.8.o
                0x00000000000012c0                handle_tick
 .text.init_particles
                0x00000000000012c4       0xc4 src/pebble-fireflies.c.8.o
                0x00000000000012c4                init_particles
 .text.handle_init
                0x0000000000001388      0x118 src/pebble-fireflies.c.8.o
                0x0000000000001388                handle_init
 .text.handle_deinit
                0x00000000000014a0       0x38 src/pebble-fireflies.c.8.o
                0x00000000000014a0                handle_deinit
 .text.startup.main
                0x00000000000014d8       0x12 src/pebble-fireflies.c.8.o
                0x00000000000014d8                main
 .text.tinymt32_next_state
                0x00000000000014ea       0x3c src/tinymt32.c.8.o
 .text.period_certification
                0x0000000000001526       0x24 src/tinymt32.c.8.o
 *fill*         0x000000000000154a        0x2 
 .text.tinymt32_init
                0x000000000000154c       0x54 src/tinymt32.c.8.o
                0x000000000000154c                tinymt32_init
 .text.accel_tap_service_subscribe
                0x00000000000015a0        0xc /home/lars/pebble-dev/PebbleSDK-3.0-dp1/Pebble/aplite/lib/libpebble.a(tmp6XFTZnpebble.o)
                0x00000000000015a0                accel_tap_service_subscribe
 .text.app_event_loop
                0x00000000000015ac        0xc /home/lars/pebble-dev/PebbleSDK-3.0-dp1/Pebble/aplite/lib/libpebble.a(tmp6XFTZnpebble.o)
                0x00000000000015ac                app_event_loop
 .text.app_timer_register
                0x00000000000015b8        0xc /home/lars/pebble-dev/PebbleSDK-3.0-dp1/Pebble/aplite/lib/libpebble.a(tmp6XFTZnpebble.o)
                0x00000000000015b8                app_timer_register
 .text.clock_is_24h_style
                0x00000000000015c4        0xc /home/lars/pebble-dev/PebbleSDK-3.0-dp1/Pebble/aplite/lib/libpebble.a(tmp6XFTZnpebble.o)
                0x00000000000015c4                clock_is_24h_style
 .text.fonts_get_system_font
                0x00000000000015d0        0xc /home/lars/pebble-dev/PebbleSDK-3.0-dp1/Pebble/aplite/lib/libpebble.a(tmp6XFTZnpebble.o)
                0x00000000000015d0                fonts_get_system_font
 .text.graphics_context_set_fill_color
                0x00000000000015dc        0xc /home/lars/pebble-dev/PebbleSDK-3.0-dp1/Pebble/aplite/lib/libpebble.a(tmp6XFTZnpebble.o)
                0x00000000000015dc                graphics_context_set_fill_color
 .text.graphics_fill_circle
                0x00000000000015e8        0xc /home/lars/pebble-dev/PebbleSDK-3.0-dp1/Pebble/aplite/lib/libpebble.a(tmp6XFTZnpebble.o)
                0x00000000000015e8                graphics_fill_circle
 .text.layer_add_child
                0x00000000000015f4        0xc /home/lars/pebble-dev/PebbleSDK-3.0-dp1/Pebble/aplite/lib/libpebble.a(tmp6XFTZnpebble.o)
                0x00000000000015f4                layer_add_child
 .text.layer_create
                0x0000000000001600        0xc /home/lars/pebble-dev/PebbleSDK-3.0-dp1/Pebble/aplite/lib/libpebble.a(tmp6XFTZnpebble.o)
                0x0000000000001600                layer_create
 .text.layer_destroy
                0x000000000000160c        0xc /home/lars/pebble-dev/PebbleSDK-3.0-dp1/Pebble/aplite/lib/libpebble.a(tmp6XFTZnpebble.o)
                0x000000000000160c                layer_destroy
 .text.layer_get_bounds
                0x0000000000001618        0xc /home/lars/pebble-dev/PebbleSDK-3.0-dp1/Pebble/aplite/lib/libpebble.a(tmp6XFTZnpebble.o)
                0x0000000000001618                layer_get_bounds
 .text.layer_mark_dirty
                0x0000000000001624        0xc /home/lars/pebble-dev/PebbleSDK-3.0-dp1/Pebble/aplite/lib/libpebble.a(tmp6XFTZnpebble.o)
                0x0000000000001624                layer_mark_dirty
 .text.layer_set_update_proc
                0x0000000000001630        0xc /home/lars/pebble-dev/PebbleSDK-3.0-dp1/Pebble/aplite/lib/libpebble.a(tmp6XFTZnpebble.o)
                0x0000000000001630                layer_set_update_proc
 .text.localtime
                0x000000000000163c        0xc /home/lars/pebble-dev/PebbleSDK-3.0-dp1/Pebble/aplite/lib/libpebble.a(tmp6XFTZnpebble.o)
                0x000000000000163c                localtime
 .text.text_layer_create
                0x0000000000001648        0xc /home/lars/pebble-dev/PebbleSDK-3.0-dp1/Pebble/aplite/lib/libpebble.a(tmp6XFTZnpebble.o)
                0x0000000000001648                text_layer_create
 .text.text_layer_destroy
                0x0000000000001654        0xc /home/lars/pebble-dev/PebbleSDK-3.0-dp1/Pebble/aplite/lib/libpebble.a(tmp6XFTZnpebble.o)
                0x0000000000001654                text_layer_destroy
 .text.text_layer_get_layer
                0x0000000000001660        0xc /home/lars/pebble-dev/PebbleSDK-3.0-dp1/Pebble/aplite/lib/libpebble.a(tmp6XFTZnpebble.o)
                0x0000000000001660                text_layer_get_layer
 .text.text_layer_set_background_color
                0x000000000000166c        0xc /home/lars/pebble-dev/PebbleSDK-3.0-dp1/Pebble/aplite/lib/libpebble.a(tmp6XFTZnpebble.o)
                0x000000000000166c                text_layer_set_background_color
 .text.text_layer_set_font
                0x0000000000001678        0xc /home/lars/pebble-dev/PebbleSDK-3.0-dp1/Pebble/aplite/lib/libpebble.a(tmp6XFTZnpebble.o)
                0x0000000000001678                text_layer_set_font
 .text.text_layer_set_text_color
                0x0000000000001684        0xc /home/lars/pebble-dev/PebbleSDK-3.0-dp1/Pebble/aplite/lib/libpebble.a(tmp6XFTZnpebble.o)
                0x0000000000001684                text_layer_set_text_color
 .text.tick_timer_service_subscribe
                0x0000000000001690        0xc /home/lars/pebble-dev/PebbleSDK-3.0-dp1/Pebble/aplite/lib/libpebble.a(tmp6XFTZnpebble.o)
                0x0000000000001690                tick_timer_service_subscribe
 .text.time     0x000000000000169c        0xc /home/lars/pebble-dev/PebbleSDK-3.0-dp1/Pebble/aplite/lib/libpebble.a(tmp6XFTZnpebble.o)
                0x000000000000169c                time
 .text.window_create
                0x00000000000016a8        0xc /home/lars/pebble-dev/PebbleSDK-3.0-dp1/Pebble/aplite/lib/libpebble.a(tmp6XFTZnpebble.o)
                0x00000000000016a8                window_create
 .text.window_destroy
                0x00000000000016b4        0xc /home/lars/pebble-dev/PebbleSDK-3.0-dp1/Pebble/aplite/lib/libpebble.a(tmp6XFTZnpebble.o)
                0x00000000000016b4                window_destroy
 .text.window_get_root_layer
                0x00000000000016c0        0xc /home/lars/pebble-dev/PebbleSDK-3.0-dp1/Pebble/aplite/lib/libpebble.a(tmp6XFTZnpebble.o)
                0x00000000000016c0                window_get_root_layer
 .text.window_set_background_color
                0x00000000000016cc        0xc /home/lars/pebble-dev/PebbleSDK-3.0-dp1/Pebble/aplite/lib/libpebble.a(tmp6XFTZnpebble.o)
                0x00000000000016cc                window_set_background_color
 .text.window_set_fullscreen
                0x00000000000016d8        0xc /home/lars/pebble-dev/PebbleSDK-3.0-dp1/Pebble/aplite/lib/libpebble.a(tmp6XFTZnpebble.o)
                0x00000000000016d8                window_set_fullscreen
 .text.window_stack_push
                0x00000000000016e4        0xc /home/lars/pebble-dev/PebbleSDK-3.0-dp1/Pebble/aplite/lib/libpebble.a(tmp6XFTZnpebble.o)
                0x00000000000016e4                window_stack_push
 *(.rodata)
 .rodata        0x00000000000016f0       0x20 src/pebble-fireflies.c.8.o
 *(.rodata*)
 .rodata.s_5_pixels
                0x0000000000001710       0x94 src/pebble-fireflies.c.8.o
 .rodata.s_6_pixels
                0x00000000000017a4       0x98 src/pebble-fireflies.c.8.o
 .rodata.s_7_pixels
                0x000000000000183c       0x90 src/pebble-fireflies.c.8.o
 .rodata.s_8_pixels
                0x00000000000018cc       0x98 src/pebble-fireflies.c.8.o
 .rodata.str1.1
                0x0000000000001964       0x16 src/pebble-fireflies.c.8.o
 .rodata.s_2_pixels
                0x000000000000197a       0x94 src/pebble-fireflies.c.8.o
 .rodata.s_9_pixels
                0x0000000000001a0e       0x98 src/pebble-fireflies.c.8.o
 .rodata.s_0_pixels
                0x0000000000001aa6       0x98 src/pebble-fireflies.c.8.o
 .rodata.s_1_pixels
                0x0000000000001b3e       0x90 src/pebble-fireflies.c.8.o
 .rodata.s_3_pixels
                0x0000000000001bce       0x98 src/pebble-fireflies.c.8.o
 .rodata.s_4_pixels
                0x0000000000001c66       0x90 src/pebble-fireflies.c.8.o

.glue_7         0x0000000000001cf8        0x0
 .glue_7        0x0000000000000000        0x0 linker stubs

.glue_7t        0x0000000000001cf8        0x0
 .glue_7t       0x0000000000000000        0x0 linker stubs

.vfp11_veneer   0x0000000000001cf8        0x0
 .vfp11_veneer  0x0000000000000000        0x0 linker stubs

.v4_bx          0x0000000000001cf8        0x0
 .v4_bx         0x0000000000000000        0x0 linker stubs

.iplt           0x0000000000001cf8        0x0
 .iplt          0x0000000000000000        0x0 /home/lars/pebble-dev/PebbleSDK-3.0-dp1/arm-cs-tools/bin/../lib/gcc/arm-none-eabi/4.7.2/thumb2/crtbegin.o

.rel.dyn        0x0000000000001cf8        0x0
 .rel.iplt      0x0000000000000000        0x0 /home/lars/pebble-dev/PebbleSDK-3.0-dp1/arm-cs-tools/bin/../lib/gcc/arm-none-eabi/4.7.2/thumb2/crtbegin.o
 .rel.got       0x0000000000000000        0x0 /home/lars/pebble-dev/PebbleSDK-3.0-dp1/arm-cs-tools/bin/../lib/gcc/arm-none-eabi/4.7.2/thumb2/crtbegin.o

.data           0x0000000000001cf8       0xcc
 *(.data)
 .data          0x0000000000001cf8        0x0 /home/lars/pebble-dev/PebbleSDK-3.0-dp1/arm-cs-tools/bin/../lib/gcc/arm-none-eabi/4.7.2/thumb2/crti.o
 .data          0x0000000000001cf8        0x4 /home/lars/pebble-dev/PebbleSDK-3.0-dp1/arm-cs-tools/bin/../lib/gcc/arm-none-eabi/4.7.2/thumb2/crtbegin.o
                0x0000000000001cf8                __dso_handle
 .data          0x0000000000001cfc        0x0 src/pebble-fireflies.c.8.o
 .data          0x0000000000001cfc        0x0 src/tinymt32.c.8.o
 .data          0x0000000000001cfc        0x0 aplite/appinfo.auto.c.8.o
 .data          0x0000000000001cfc        0x0 /home/lars/pebble-dev/PebbleSDK-3.0-dp1/Pebble/aplite/lib/libpebble.a(tmp6XFTZnpebble.o)
 .data          0x0000000000001cfc        0x0 /home/lars/pebble-dev/PebbleSDK-3.0-dp1/arm-cs-tools/bin/../lib/gcc/arm-none-eabi/4.7.2/thumb2/libgcc.a(_arm_addsubdf3.o)
 .data          0x0000000000001cfc        0x0 /home/lars/pebble-dev/PebbleSDK-3.0-dp1/arm-cs-tools/bin/../lib/gcc/arm-none-eabi/4.7.2/thumb2/libgcc.a(_arm_cmpdf2.o)
 .data          0x0000000000001cfc        0x0 /home/lars/pebble-dev/PebbleSDK-3.0-dp1/arm-cs-tools/bin/../lib/gcc/arm-none-eabi/4.7.2/thumb2/libgcc.a(_arm_addsubsf3.o)
 .data          0x0000000000001cfc        0x0 /home/lars/pebble-dev/PebbleSDK-3.0-dp1/arm-cs-tools/bin/../lib/gcc/arm-none-eabi/4.7.2/thumb2/libgcc.a(_arm_muldivsf3.o)
 .data          0x0000000000001cfc        0x0 /home/lars/pebble-dev/PebbleSDK-3.0-dp1/arm-cs-tools/bin/../lib/gcc/arm-none-eabi/4.7.2/thumb2/libgcc.a(_arm_cmpsf2.o)
 .data          0x0000000000001cfc        0x0 /home/lars/pebble-dev/PebbleSDK-3.0-dp1/arm-cs-tools/bin/../lib/gcc/arm-none-eabi/4.7.2/thumb2/libgcc.a(_arm_fixsfsi.o)
 .data          0x0000000000001cfc        0x0 /home/lars/pebble-dev/PebbleSDK-3.0-dp1/arm-cs-tools/bin/../lib/gcc/arm-none-eabi/4.7.2/thumb2/libgcc.a(_arm_fixunssfsi.o)
 .data          0x0000000000001cfc        0x0 /home/lars/pebble-dev/PebbleSDK-3.0-dp1/arm-cs-tools/bin/../lib/gcc/arm-none-eabi/4.7.2/thumb2/crtend.o
 .data          0x0000000000001cfc        0x0 /home/lars/pebble-dev/PebbleSDK-3.0-dp1/arm-cs-tools/bin/../lib/gcc/arm-none-eabi/4.7.2/thumb2/crtn.o
 *(.data.*)
 .data.rel.ro.local.s_0_bitmap
                0x0000000000001cfc       0x10 src/pebble-fireflies.c.8.o
 .data.rel.ro.local.number_bitmaps
                0x0000000000001d0c       0x28 src/pebble-fireflies.c.8.o
 .data.rel.ro.local.s_2_bitmap
                0x0000000000001d34       0x10 src/pebble-fireflies.c.8.o
 .data.rel.ro.local.s_3_bitmap
                0x0000000000001d44       0x10 src/pebble-fireflies.c.8.o
 .data.rel.ro.local.s_4_bitmap
                0x0000000000001d54       0x10 src/pebble-fireflies.c.8.o
 .data.rel.ro.local.s_1_bitmap
                0x0000000000001d64       0x10 src/pebble-fireflies.c.8.o
 .data.rel.ro.local.s_5_bitmap
                0x0000000000001d74       0x10 src/pebble-fireflies.c.8.o
 .data.rel.ro.local.s_7_bitmap
                0x0000000000001d84       0x10 src/pebble-fireflies.c.8.o
 .data.rel.ro.local.s_6_bitmap
                0x0000000000001d94       0x10 src/pebble-fireflies.c.8.o
 .data.rel.ro.local.s_8_bitmap
                0x0000000000001da4       0x10 src/pebble-fireflies.c.8.o
 .data.rel.ro.local.s_9_bitmap
                0x0000000000001db4       0x10 src/pebble-fireflies.c.8.o

.igot.plt       0x0000000000001dc4        0x0
 .igot.plt      0x0000000000000000        0x0 /home/lars/pebble-dev/PebbleSDK-3.0-dp1/arm-cs-tools/bin/../lib/gcc/arm-none-eabi/4.7.2/thumb2/crtbegin.o

.got            0x0000000000001dc4       0x14
 .got           0x0000000000001dc4       0x14 /home/lars/pebble-dev/PebbleSDK-3.0-dp1/arm-cs-tools/bin/../lib/gcc/arm-none-eabi/4.7.2/thumb2/crtbegin.o

.got.plt        0x0000000000001dd8        0xc
 .got.plt       0x0000000000001dd8        0xc /home/lars/pebble-dev/PebbleSDK-3.0-dp1/arm-cs-tools/bin/../lib/gcc/arm-none-eabi/4.7.2/thumb2/crtbegin.o
                0x0000000000001dd8                _GLOBAL_OFFSET_TABLE_

.bss            0x0000000000001de4     0x183c
 *(.bss)
 *(.bss.*)
 .bss.showing_time
                0x0000000000001de4        0x4 src/pebble-fireflies.c.8.o
                0x0000000000001de4                showing_time
 COMMON         0x0000000000001de8     0x1838 src/pebble-fireflies.c.8.o
                0x0000000000001de8                text_header_layer
                0x0000000000001dec                rndstate
                0x0000000000001e08                particles
                0x0000000000003618                window
                0x000000000000361c                particle_layer

DISCARD
 libc.a(*)
 libm.a(*)
 libgcc.a(*)
 *(.eh_frame)
OUTPUT(/home/lars/pebble-dev/PebbleSDK-3.0-dp1/pebble-fireflies/build/aplite/pebble-app.elf elf32-littlearm)

.ARM.attributes
                0x0000000000000000       0x27
 .ARM.attributes
                0x0000000000000000       0x19 /home/lars/pebble-dev/PebbleSDK-3.0-dp1/arm-cs-tools/bin/../lib/gcc/arm-none-eabi/4.7.2/thumb2/crti.o
 .ARM.attributes
                0x0000000000000019       0x29 /home/lars/pebble-dev/PebbleSDK-3.0-dp1/arm-cs-tools/bin/../lib/gcc/arm-none-eabi/4.7.2/thumb2/crtbegin.o
 .ARM.attributes
                0x0000000000000042       0x33 src/pebble-fireflies.c.8.o
 .ARM.attributes
                0x0000000000000075       0x33 src/tinymt32.c.8.o
 .ARM.attributes
                0x00000000000000a8       0x33 aplite/appinfo.auto.c.8.o
 .ARM.attributes
                0x00000000000000db       0x21 /home/lars/pebble-dev/PebbleSDK-3.0-dp1/Pebble/aplite/lib/libpebble.a(tmp6XFTZnpebble.o)
 .ARM.attributes
                0x00000000000000fc       0x19 /home/lars/pebble-dev/PebbleSDK-3.0-dp1/arm-cs-tools/bin/../lib/gcc/arm-none-eabi/4.7.2/thumb2/libgcc.a(_arm_addsubdf3.o)
 .ARM.attributes
                0x0000000000000115       0x19 /home/lars/pebble-dev/PebbleSDK-3.0-dp1/arm-cs-tools/bin/../lib/gcc/arm-none-eabi/4.7.2/thumb2/libgcc.a(_arm_cmpdf2.o)
 .ARM.attributes
                0x000000000000012e       0x19 /home/lars/pebble-dev/PebbleSDK-3.0-dp1/arm-cs-tools/bin/../lib/gcc/arm-none-eabi/4.7.2/thumb2/libgcc.a(_arm_addsubsf3.o)
 .ARM.attributes
                0x0000000000000147       0x19 /home/lars/pebble-dev/PebbleSDK-3.0-dp1/arm-cs-tools/bin/../lib/gcc/arm-none-eabi/4.7.2/thumb2/libgcc.a(_arm_muldivsf3.o)
 .ARM.attributes
                0x0000000000000160       0x19 /home/lars/pebble-dev/PebbleSDK-3.0-dp1/arm-cs-tools/bin/../lib/gcc/arm-none-eabi/4.7.2/thumb2/libgcc.a(_arm_cmpsf2.o)
 .ARM.attributes
                0x0000000000000179       0x19 /home/lars/pebble-dev/PebbleSDK-3.0-dp1/arm-cs-tools/bin/../lib/gcc/arm-none-eabi/4.7.2/thumb2/libgcc.a(_arm_fixsfsi.o)
 .ARM.attributes
                0x0000000000000192       0x19 /home/lars/pebble-dev/PebbleSDK-3.0-dp1/arm-cs-tools/bin/../lib/gcc/arm-none-eabi/4.7.2/thumb2/libgcc.a(_arm_fixunssfsi.o)
 .ARM.attributes
                0x00000000000001ab       0x29 /home/lars/pebble-dev/PebbleSDK-3.0-dp1/arm-cs-tools/bin/../lib/gcc/arm-none-eabi/4.7.2/thumb2/crtend.o
 .ARM.attributes
                0x00000000000001d4       0x19 /home/lars/pebble-dev/PebbleSDK-3.0-dp1/arm-cs-tools/bin/../lib/gcc/arm-none-eabi/4.7.2/thumb2/crtn.o

.comment        0x0000000000000000       0x4e
 .comment       0x0000000000000000       0x4e /home/lars/pebble-dev/PebbleSDK-3.0-dp1/arm-cs-tools/bin/../lib/gcc/arm-none-eabi/4.7.2/thumb2/crtbegin.o
                                         0x4f (size before relaxing)
 .comment       0x0000000000000000       0x4f src/pebble-fireflies.c.8.o
 .comment       0x0000000000000000       0x4f src/tinymt32.c.8.o
 .comment       0x0000000000000000       0x4f aplite/appinfo.auto.c.8.o
 .comment       0x0000000000000000       0x4f /home/lars/pebble-dev/PebbleSDK-3.0-dp1/arm-cs-tools/bin/../lib/gcc/arm-none-eabi/4.7.2/thumb2/crtend.o

.debug_info     0x0000000000000000     0x2435
 .debug_info    0x0000000000000000     0x1874 src/pebble-fireflies.c.8.o
 .debug_info    0x0000000000001874      0x391 src/tinymt32.c.8.o
 .debug_info    0x0000000000001c05      0x32f aplite/appinfo.auto.c.8.o
 .debug_info    0x0000000000001f34       0xb7 /home/lars/pebble-dev/PebbleSDK-3.0-dp1/arm-cs-tools/bin/../lib/gcc/arm-none-eabi/4.7.2/thumb2/libgcc.a(_arm_addsubdf3.o)
 .debug_info    0x0000000000001feb       0xb7 /home/lars/pebble-dev/PebbleSDK-3.0-dp1/arm-cs-tools/bin/../lib/gcc/arm-none-eabi/4.7.2/thumb2/libgcc.a(_arm_cmpdf2.o)
 .debug_info    0x00000000000020a2       0xb7 /home/lars/pebble-dev/PebbleSDK-3.0-dp1/arm-cs-tools/bin/../lib/gcc/arm-none-eabi/4.7.2/thumb2/libgcc.a(_arm_addsubsf3.o)
 .debug_info    0x0000000000002159       0xb7 /home/lars/pebble-dev/PebbleSDK-3.0-dp1/arm-cs-tools/bin/../lib/gcc/arm-none-eabi/4.7.2/thumb2/libgcc.a(_arm_muldivsf3.o)
 .debug_info    0x0000000000002210       0xb7 /home/lars/pebble-dev/PebbleSDK-3.0-dp1/arm-cs-tools/bin/../lib/gcc/arm-none-eabi/4.7.2/thumb2/libgcc.a(_arm_cmpsf2.o)
 .debug_info    0x00000000000022c7       0xb7 /home/lars/pebble-dev/PebbleSDK-3.0-dp1/arm-cs-tools/bin/../lib/gcc/arm-none-eabi/4.7.2/thumb2/libgcc.a(_arm_fixsfsi.o)
 .debug_info    0x000000000000237e       0xb7 /home/lars/pebble-dev/PebbleSDK-3.0-dp1/arm-cs-tools/bin/../lib/gcc/arm-none-eabi/4.7.2/thumb2/libgcc.a(_arm_fixunssfsi.o)

.debug_abbrev   0x0000000000000000      0x87a
 .debug_abbrev  0x0000000000000000      0x566 src/pebble-fireflies.c.8.o
 .debug_abbrev  0x0000000000000566      0x1ea src/tinymt32.c.8.o
 .debug_abbrev  0x0000000000000750       0x9e aplite/appinfo.auto.c.8.o
 .debug_abbrev  0x00000000000007ee       0x14 /home/lars/pebble-dev/PebbleSDK-3.0-dp1/arm-cs-tools/bin/../lib/gcc/arm-none-eabi/4.7.2/thumb2/libgcc.a(_arm_addsubdf3.o)
 .debug_abbrev  0x0000000000000802       0x14 /home/lars/pebble-dev/PebbleSDK-3.0-dp1/arm-cs-tools/bin/../lib/gcc/arm-none-eabi/4.7.2/thumb2/libgcc.a(_arm_cmpdf2.o)
 .debug_abbrev  0x0000000000000816       0x14 /home/lars/pebble-dev/PebbleSDK-3.0-dp1/arm-cs-tools/bin/../lib/gcc/arm-none-eabi/4.7.2/thumb2/libgcc.a(_arm_addsubsf3.o)
 .debug_abbrev  0x000000000000082a       0x14 /home/lars/pebble-dev/PebbleSDK-3.0-dp1/arm-cs-tools/bin/../lib/gcc/arm-none-eabi/4.7.2/thumb2/libgcc.a(_arm_muldivsf3.o)
 .debug_abbrev  0x000000000000083e       0x14 /home/lars/pebble-dev/PebbleSDK-3.0-dp1/arm-cs-tools/bin/../lib/gcc/arm-none-eabi/4.7.2/thumb2/libgcc.a(_arm_cmpsf2.o)
 .debug_abbrev  0x0000000000000852       0x14 /home/lars/pebble-dev/PebbleSDK-3.0-dp1/arm-cs-tools/bin/../lib/gcc/arm-none-eabi/4.7.2/thumb2/libgcc.a(_arm_fixsfsi.o)
 .debug_abbrev  0x0000000000000866       0x14 /home/lars/pebble-dev/PebbleSDK-3.0-dp1/arm-cs-tools/bin/../lib/gcc/arm-none-eabi/4.7.2/thumb2/libgcc.a(_arm_fixunssfsi.o)

.debug_loc      0x0000000000000000      0xca8
 .debug_loc     0x0000000000000000      0x9d9 src/pebble-fireflies.c.8.o
 .debug_loc     0x00000000000009d9      0x2cf src/tinymt32.c.8.o

.debug_aranges  0x0000000000000000      0x208
 .debug_aranges
                0x0000000000000000       0xd8 src/pebble-fireflies.c.8.o
 .debug_aranges
                0x00000000000000d8       0x38 src/tinymt32.c.8.o
 .debug_aranges
                0x0000000000000110       0x18 aplite/appinfo.auto.c.8.o
 .debug_aranges
                0x0000000000000128       0x20 /home/lars/pebble-dev/PebbleSDK-3.0-dp1/arm-cs-tools/bin/../lib/gcc/arm-none-eabi/4.7.2/thumb2/libgcc.a(_arm_addsubdf3.o)
 .debug_aranges
                0x0000000000000148       0x20 /home/lars/pebble-dev/PebbleSDK-3.0-dp1/arm-cs-tools/bin/../lib/gcc/arm-none-eabi/4.7.2/thumb2/libgcc.a(_arm_cmpdf2.o)
 .debug_aranges
                0x0000000000000168       0x20 /home/lars/pebble-dev/PebbleSDK-3.0-dp1/arm-cs-tools/bin/../lib/gcc/arm-none-eabi/4.7.2/thumb2/libgcc.a(_arm_addsubsf3.o)
 .debug_aranges
                0x0000000000000188       0x20 /home/lars/pebble-dev/PebbleSDK-3.0-dp1/arm-cs-tools/bin/../lib/gcc/arm-none-eabi/4.7.2/thumb2/libgcc.a(_arm_muldivsf3.o)
 .debug_aranges
                0x00000000000001a8       0x20 /home/lars/pebble-dev/PebbleSDK-3.0-dp1/arm-cs-tools/bin/../lib/gcc/arm-none-eabi/4.7.2/thumb2/libgcc.a(_arm_cmpsf2.o)
 .debug_aranges
                0x00000000000001c8       0x20 /home/lars/pebble-dev/PebbleSDK-3.0-dp1/arm-cs-tools/bin/../lib/gcc/arm-none-eabi/4.7.2/thumb2/libgcc.a(_arm_fixsfsi.o)
 .debug_aranges
                0x00000000000001e8       0x20 /home/lars/pebble-dev/PebbleSDK-3.0-dp1/arm-cs-tools/bin/../lib/gcc/arm-none-eabi/4.7.2/thumb2/libgcc.a(_arm_fixunssfsi.o)

.debug_ranges   0x0000000000000000      0x258
 .debug_ranges  0x0000000000000000      0x1f8 src/pebble-fireflies.c.8.o
 .debug_ranges  0x00000000000001f8       0x60 src/tinymt32.c.8.o

.debug_line     0x0000000000000000     0x1121
 .debug_line    0x0000000000000000      0x54d src/pebble-fireflies.c.8.o
 .debug_line    0x000000000000054d      0x310 src/tinymt32.c.8.o
 .debug_line    0x000000000000085d      0x135 aplite/appinfo.auto.c.8.o
 .debug_line    0x0000000000000992      0x20a /home/lars/pebble-dev/PebbleSDK-3.0-dp1/arm-cs-tools/bin/../lib/gcc/arm-none-eabi/4.7.2/thumb2/libgcc.a(_arm_addsubdf3.o)
 .debug_line    0x0000000000000b9c      0x10c /home/lars/pebble-dev/PebbleSDK-3.0-dp1/arm-cs-tools/bin/../lib/gcc/arm-none-eabi/4.7.2/thumb2/libgcc.a(_arm_cmpdf2.o)
 .debug_line    0x0000000000000ca8      0x128 /home/lars/pebble-dev/PebbleSDK-3.0-dp1/arm-cs-tools/bin/../lib/gcc/arm-none-eabi/4.7.2/thumb2/libgcc.a(_arm_addsubsf3.o)
 .debug_line    0x0000000000000dd0      0x149 /home/lars/pebble-dev/PebbleSDK-3.0-dp1/arm-cs-tools/bin/../lib/gcc/arm-none-eabi/4.7.2/thumb2/libgcc.a(_arm_muldivsf3.o)
 .debug_line    0x0000000000000f19      0x100 /home/lars/pebble-dev/PebbleSDK-3.0-dp1/arm-cs-tools/bin/../lib/gcc/arm-none-eabi/4.7.2/thumb2/libgcc.a(_arm_cmpsf2.o)
 .debug_line    0x0000000000001019       0x86 /home/lars/pebble-dev/PebbleSDK-3.0-dp1/arm-cs-tools/bin/../lib/gcc/arm-none-eabi/4.7.2/thumb2/libgcc.a(_arm_fixsfsi.o)
 .debug_line    0x000000000000109f       0x82 /home/lars/pebble-dev/PebbleSDK-3.0-dp1/arm-cs-tools/bin/../lib/gcc/arm-none-eabi/4.7.2/thumb2/libgcc.a(_arm_fixunssfsi.o)

.debug_str      0x0000000000000000      0xc27
 .debug_str     0x0000000000000000      0x985 src/pebble-fireflies.c.8.o
                                        0xa62 (size before relaxing)
 .debug_str     0x0000000000000985       0x6c src/tinymt32.c.8.o
                                        0x1b4 (size before relaxing)
 .debug_str     0x00000000000009f1      0x236 aplite/appinfo.auto.c.8.o
                                        0x339 (size before relaxing)

.debug_frame    0x0000000000000000      0x330
 .debug_frame   0x0000000000000000      0x2b0 src/pebble-fireflies.c.8.o
 .debug_frame   0x00000000000002b0       0x80 src/tinymt32.c.8.o
